Archive member included to satisfy reference by file (symbol)

C:/nxp/MCUXpressoIDE_25.6.136/ide/plugins/com.nxp.mcuxpresso.tools.win32_25.6.0.202501151204/tools/bin/../lib/gcc/arm-none-eabi/14.2.1/../../../../arm-none-eabi/lib/thumb/v7e-m+fp/hard\libcr_nohost_nf.a(_cr__main.o)
                              ./startup/startup_mkv56f24.o (__main)
C:/nxp/MCUXpressoIDE_25.6.136/ide/plugins/com.nxp.mcuxpresso.tools.win32_25.6.0.202501151204/tools/bin/../lib/gcc/arm-none-eabi/14.2.1/../../../../arm-none-eabi/lib/thumb/v7e-m+fp/hard\libcr_nohost_nf.a(_cr_assert.o)
                              ./utilities/fsl_debug_console.o (__assertion_failed)
C:/nxp/MCUXpressoIDE_25.6.136/ide/plugins/com.nxp.mcuxpresso.tools.win32_25.6.0.202501151204/tools/bin/../lib/gcc/arm-none-eabi/14.2.1/../../../../arm-none-eabi/lib/thumb/v7e-m+fp/hard\libcr_nohost_nf.a(__ciob.o)
                              C:/nxp/MCUXpressoIDE_25.6.136/ide/plugins/com.nxp.mcuxpresso.tools.win32_25.6.0.202501151204/tools/bin/../lib/gcc/arm-none-eabi/14.2.1/../../../../arm-none-eabi/lib/thumb/v7e-m+fp/hard\libcr_nohost_nf.a(_cr_assert.o) (__Ciob)
C:/nxp/MCUXpressoIDE_25.6.136/ide/plugins/com.nxp.mcuxpresso.tools.win32_25.6.0.202501151204/tools/bin/../lib/gcc/arm-none-eabi/14.2.1/../../../../arm-none-eabi/lib/thumb/v7e-m+fp/hard\libcr_nohost_nf.a(__sys_appexit.o)
                              C:/nxp/MCUXpressoIDE_25.6.136/ide/plugins/com.nxp.mcuxpresso.tools.win32_25.6.0.202501151204/tools/bin/../lib/gcc/arm-none-eabi/14.2.1/../../../../arm-none-eabi/lib/thumb/v7e-m+fp/hard\libcr_nohost_nf.a(_cr_assert.o) (__sys_appexit)
C:/nxp/MCUXpressoIDE_25.6.136/ide/plugins/com.nxp.mcuxpresso.tools.win32_25.6.0.202501151204/tools/bin/../lib/gcc/arm-none-eabi/14.2.1/../../../../arm-none-eabi/lib/thumb/v7e-m+fp/hard\libcr_c.a(asinf.o)
                              ./source/tasks/task_fusion.o (asinf)
C:/nxp/MCUXpressoIDE_25.6.136/ide/plugins/com.nxp.mcuxpresso.tools.win32_25.6.0.202501151204/tools/bin/../lib/gcc/arm-none-eabi/14.2.1/../../../../arm-none-eabi/lib/thumb/v7e-m+fp/hard\libcr_c.a(atan2f.o)
                              ./source/tasks/task_fusion.o (atan2f)
C:/nxp/MCUXpressoIDE_25.6.136/ide/plugins/com.nxp.mcuxpresso.tools.win32_25.6.0.202501151204/tools/bin/../lib/gcc/arm-none-eabi/14.2.1/../../../../arm-none-eabi/lib/thumb/v7e-m+fp/hard\libcr_c.a(atanf.o)
                              C:/nxp/MCUXpressoIDE_25.6.136/ide/plugins/com.nxp.mcuxpresso.tools.win32_25.6.0.202501151204/tools/bin/../lib/gcc/arm-none-eabi/14.2.1/../../../../arm-none-eabi/lib/thumb/v7e-m+fp/hard\libcr_c.a(atan2f.o) (atanf)
C:/nxp/MCUXpressoIDE_25.6.136/ide/plugins/com.nxp.mcuxpresso.tools.win32_25.6.0.202501151204/tools/bin/../lib/gcc/arm-none-eabi/14.2.1/../../../../arm-none-eabi/lib/thumb/v7e-m+fp/hard\libcr_c.a(cosf.o)
                              ./source/fusion/FusionAhrs.o (cosf)
C:/nxp/MCUXpressoIDE_25.6.136/ide/plugins/com.nxp.mcuxpresso.tools.win32_25.6.0.202501151204/tools/bin/../lib/gcc/arm-none-eabi/14.2.1/../../../../arm-none-eabi/lib/thumb/v7e-m+fp/hard\libcr_c.a(fabsf.o)
                              ./source/fusion/FusionAhrs.o (fabsf)
C:/nxp/MCUXpressoIDE_25.6.136/ide/plugins/com.nxp.mcuxpresso.tools.win32_25.6.0.202501151204/tools/bin/../lib/gcc/arm-none-eabi/14.2.1/../../../../arm-none-eabi/lib/thumb/v7e-m+fp/hard\libcr_c.a(powf.o)
                              ./source/fusion/FusionAhrs.o (powf)
C:/nxp/MCUXpressoIDE_25.6.136/ide/plugins/com.nxp.mcuxpresso.tools.win32_25.6.0.202501151204/tools/bin/../lib/gcc/arm-none-eabi/14.2.1/../../../../arm-none-eabi/lib/thumb/v7e-m+fp/hard\libcr_c.a(sinf.o)
                              ./source/fusion/FusionAhrs.o (sinf)
C:/nxp/MCUXpressoIDE_25.6.136/ide/plugins/com.nxp.mcuxpresso.tools.win32_25.6.0.202501151204/tools/bin/../lib/gcc/arm-none-eabi/14.2.1/../../../../arm-none-eabi/lib/thumb/v7e-m+fp/hard\libcr_c.a(sqrtf_m4_hardfp.o)
                              ./source/fusion/FusionAhrs.o (sqrtf)
C:/nxp/MCUXpressoIDE_25.6.136/ide/plugins/com.nxp.mcuxpresso.tools.win32_25.6.0.202501151204/tools/bin/../lib/gcc/arm-none-eabi/14.2.1/../../../../arm-none-eabi/lib/thumb/v7e-m+fp/hard\libcr_c.a(memcpy.o)
                              ./utilities/fsl_shell.o (memcpy)
C:/nxp/MCUXpressoIDE_25.6.136/ide/plugins/com.nxp.mcuxpresso.tools.win32_25.6.0.202501151204/tools/bin/../lib/gcc/arm-none-eabi/14.2.1/../../../../arm-none-eabi/lib/thumb/v7e-m+fp/hard\libcr_c.a(memmove.o)
                              ./utilities/fsl_shell.o (memmove)
C:/nxp/MCUXpressoIDE_25.6.136/ide/plugins/com.nxp.mcuxpresso.tools.win32_25.6.0.202501151204/tools/bin/../lib/gcc/arm-none-eabi/14.2.1/../../../../arm-none-eabi/lib/thumb/v7e-m+fp/hard\libcr_c.a(memset.o)
                              ./utilities/fsl_debug_console.o (memset)
C:/nxp/MCUXpressoIDE_25.6.136/ide/plugins/com.nxp.mcuxpresso.tools.win32_25.6.0.202501151204/tools/bin/../lib/gcc/arm-none-eabi/14.2.1/../../../../arm-none-eabi/lib/thumb/v7e-m+fp/hard\libcr_c.a(_deferredlazyseek.o)
[...]
Memory Configuration

Name             Origin             Length             Attributes
PROGRAM_FLASH    0x10000000         0x00100000         xr
SRAM_DTC         0x20000000         0x00020000         xrw
SRAM_OC          0x2f000000         0x00010000         xrw
SRAM_ITC         0x00000000         0x00010000         xrw
FLEX_RAM         0x18000000         0x00001000         xrw
*default*        0x00000000         0xffffffff

Linker script and memory map

LOAD ./utilities/fsl_debug_console.o
LOAD ./utilities/fsl_shell.o
LOAD ./utilities/fsl_str.o
LOAD ./startup/startup_mkv56f24.o
LOAD ./source/tasks/task_canopen.o
LOAD ./source/tasks/task_fusion.o
LOAD ./source/tasks/task_imu.o
LOAD ./source/shared/semaphores.o
LOAD ./source/shared/shared_data.o
LOAD ./source/fusion/FusionAhrs.o
LOAD ./source/fusion/FusionCompass.o
LOAD ./source/fusion/FusionOffset.o
LOAD ./source/drivers/flexcan0_drv.o
LOAD ./source/drivers/flexcan1_drv.o
LOAD ./source/drivers/pit_drv.o
LOAD ./source/app_init.o
LOAD ./source/kfx_backpan_fusion.o
LOAD ./source/semihost_hardfault.o
LOAD ./freertos/freertos_kernel/portable/MemMang/heap_4.o
LOAD ./freertos/freertos_kernel/portable/GCC/ARM_CM4F/port.o
LOAD ./freertos/freertos_kernel/croutine.o
LOAD ./freertos/freertos_kernel/event_groups.o
LOAD ./freertos/freertos_kernel/list.o
LOAD ./freertos/freertos_kernel/queue.o
LOAD ./freertos/freertos_kernel/stream_buffer.o
LOAD ./freertos/freertos_kernel/tasks.o
LOAD ./freertos/freertos_kernel/timers.o
LOAD ./drivers/freertos/fsl_i2c_freertos.o
LOAD ./drivers/freertos/fsl_uart_freertos.o
LOAD ./drivers/fsl_clock.o
LOAD ./drivers/fsl_common.o
LOAD ./drivers/fsl_dmamux.o
LOAD ./drivers/fsl_dspi.o
LOAD ./drivers/fsl_dspi_edma.o
LOAD ./drivers/fsl_edma.o
LOAD ./drivers/fsl_flexcan.o
LOAD ./drivers/fsl_ftfx_cache.o
LOAD ./drivers/fsl_ftfx_controller.o
LOAD ./drivers/fsl_ftfx_flash.o
LOAD ./drivers/fsl_ftfx_flexnvm.o
LOAD ./drivers/fsl_ftm.o
LOAD ./drivers/fsl_gpio.o
LOAD ./drivers/fsl_i2c.o
LOAD ./drivers/fsl_i2c_edma.o
LOAD ./drivers/fsl_pit.o
LOAD ./drivers/fsl_smc.o
LOAD ./drivers/fsl_uart.o
LOAD ./drivers/fsl_uart_edma.o
LOAD ./device/system_MKV56F24.o
LOAD ./component/uart/uart_adapter.o
LOAD ./component/timer_manager/timer_manager.o
LOAD ./component/timer/ftm_adapter.o
LOAD ./component/serial_manager/serial_manager.o
LOAD ./component/serial_manager/serial_port_uart.o
LOAD ./component/osa/fsl_os_abstraction_free_rtos.o
LOAD ./component/mem_manager/mem_manager.o
LOAD ./component/lists/generic_list.o
LOAD ./component/led/led.o
LOAD ./component/gpio/gpio_adapter.o
LOAD ./component/common_task/common_task.o
LOAD ./component/button/button.o
LOAD ./board/board.o
LOAD ./board/clock_config.o
LOAD ./board/peripherals.o
LOAD ./board/pin_mux.o
START GROUP
LOAD C:/nxp/MCUXpressoIDE_25.6.136/ide/plugins/com.nxp.mcuxpresso.tools.win32_25.6.0.202501151204/tools/bin/../lib/gcc/arm-none-eabi/14.2.1/../../../../arm-none-eabi/lib/thumb/v7e-m+fp/hard\libcr_nohost_nf.a
LOAD C:/nxp/MCUXpressoIDE_25.6.136/ide/plugins/com.nxp.mcuxpresso.tools.win32_25.6.0.202501151204/tools/bin/../lib/gcc/arm-none-eabi/14.2.1/../../../../arm-none-eabi/lib/thumb/v7e-m+fp/hard\libcr_c.a
LOAD C:/nxp/MCUXpressoIDE_25.6.136/ide/plugins/com.nxp.mcuxpresso.tools.win32_25.6.0.202501151204/tools/bin/../lib/gcc/arm-none-eabi/14.2.1/thumb/v7e-m+fp/hard\libcr_eabihelpers.a
LOAD C:/nxp/MCUXpressoIDE_25.6.136/ide/plugins/com.nxp.mcuxpresso.tools.win32_25.6.0.202501151204/tools/bin/../lib/gcc/arm-none-eabi/14.2.1/thumb/v7e-m+fp/hard\libgcc.a
END GROUP
                0x10000000                        __base_PROGRAM_FLASH = 0x10000000
                0x10000000                        __base_Flash = 0x10000000
                0x10100000                        __top_PROGRAM_FLASH = 0x10100000
                0x10100000                        __top_Flash = 0x10100000
                0x20000000                        __base_SRAM_DTC = 0x20000000
                0x20000000                        __base_RAM = 0x20000000
                0x20020000                        __top_SRAM_DTC = 0x20020000
                0x20020000                        __top_RAM = 0x20020000
                0x2f000000                        __base_SRAM_OC = 0x2f000000
                0x2f000000                        __base_RAM2 = 0x2f000000
                0x2f010000                        __top_SRAM_OC = 0x2f010000
                0x2f010000                        __top_RAM2 = 0x2f010000
                0x00000000                        __base_SRAM_ITC = 0x0
                0x00000000                        __base_RAM3 = 0x0
                0x00010000                        __top_SRAM_ITC = 0x10000
                0x00010000                        __top_RAM3 = 0x10000
                0x18000000                        __base_FLEX_RAM = 0x18000000
                0x18000000                        __base_RAM4 = 0x18000000
                0x18001000                        __top_FLEX_RAM = 0x18001000
                0x18001000                        __top_RAM4 = 0x18001000

.text           0x10000000     0xd3d8
 FILL mask 0xff
                0x10000000                        __vectors_start__ = ABSOLUTE (.)
 *(SORT_BY_ALIGNMENT(.isr_vector))
 .isr_vector    0x10000000      0x20c ./startup/startup_mkv56f24.o
                0x10000000                g_pfnVectors
                0x10000000                __Vectors
                0x1000020c                        . = ALIGN (0x4)
                0x1000020c                        __section_table_start = .
                0x1000020c                        __data_section_table = .
                0x1000020c        0x4 LONG 0x1000d3d8 LOADADDR (.data)
                0x10000210        0x4 LONG 0x20000000 ADDR (.data)
                0x10000214        0x4 LONG 0x60 SIZEOF (.data)
                0x10000218        0x4 LONG 0x1000d3d8 LOADADDR (.data_RAM2)
                0x1000021c        0x4 LONG 0x2f000000 ADDR (.data_RAM2)
                0x10000220        0x4 LONG 0x0 SIZEOF (.data_RAM2)
                0x10000224        0x4 LONG 0x1000d3d8 LOADADDR (.data_RAM3)
                0x10000228        0x4 LONG 0x0 ADDR (.data_RAM3)
                0x1000022c        0x4 LONG 0x0 SIZEOF (.data_RAM3)
                0x10000230        0x4 LONG 0x1000d3d8 LOADADDR (.data_RAM4)
                0x10000234        0x4 LONG 0x18000000 ADDR (.data_RAM4)
                0x10000238        0x4 LONG 0x0 SIZEOF (.data_RAM4)
                0x1000023c                        __data_section_table_end = .
                0x1000023c                        __bss_section_table = .
                0x1000023c        0x4 LONG 0x20000060 ADDR (.bss)
                0x10000240        0x4 LONG 0x2db0 SIZEOF (.bss)
                0x10000244        0x4 LONG 0x2f000000 ADDR (.bss_RAM2)
                0x10000248        0x4 LONG 0x0 SIZEOF (.bss_RAM2)
                0x1000024c        0x4 LONG 0x0 ADDR (.bss_RAM3)
                0x10000250        0x4 LONG 0x0 SIZEOF (.bss_RAM3)
                0x10000254        0x4 LONG 0x18000000 ADDR (.bss_RAM4)
                0x10000258        0x4 LONG 0x0 SIZEOF (.bss_RAM4)
                0x1000025c                        __bss_section_table_end = .
                0x1000025c                        __section_table_end = .
 *(SORT_BY_ALIGNMENT(.after_vectors*))
 .after_vectors.reset
                0x1000025c       0x4c ./startup/startup_mkv56f24.o
                0x1000025c                ResetISR
 .after_vectors.init_data
                0x100002a8       0x1e ./startup/startup_mkv56f24.o
                0x100002a8                data_init
 .after_vectors.init_bss
                0x100002c6       0x12 ./startup/startup_mkv56f24.o
                0x100002c6                bss_init
 .after_vectors
                0x100002d8       0x14 ./startup/startup_mkv56f24.o
                0x100002d8                NMI_Handler
                0x100002dc                MemManage_Handler
                0x100002de                BusFault_Handler
                0x100002e0                UsageFault_Handler
                0x100002e4                DebugMon_Handler
                0x100002ea                PORTB_DriverIRQHandler
                0x100002ea                LPTMR0_DriverIRQHandler
                0x100002ea                DMA_Error_DriverIRQHandler
                0x100002ea                Reserved119_DriverIRQHandler
                0x100002ea                PWM1_RELOAD0_DriverIRQHandler
                0x100002ea                HSADC1_CCB_DriverIRQHandler
                0x100002ea                PWM1_CAP_DriverIRQHandler
                0x100002ea                HSADC0_CCA_DriverIRQHandler
                0x100002ea                Reserved117_DriverIRQHandler
                0x100002ea                TRNG0_DriverIRQHandler
                0x100002ea                FTM2_DriverIRQHandler
                0x100002ea                PIT2_DriverIRQHandler
                0x100002ea                PWM0_RELOAD3_DriverIRQHandler
                0x100002ea                CMP3_DriverIRQHandler
                0x100002ea                LLWU_DriverIRQHandler
                0x100002ea                MCM_DriverIRQHandler
                0x100002ea                PWM0_RERR_DriverIRQHandler
                0x100002ea                MCG_DriverIRQHandler
                0x100002ea                FTM1_DriverIRQHandler
                0x100002ea                PDB1_DriverIRQHandler
                0x100002ea                PWM1_CMP0_DriverIRQHandler
                0x100002ea                CMP1_DriverIRQHandler
                0x100002ea                PWM0_CAP_DriverIRQHandler
                0x100002ea                PMC_DriverIRQHandler
                0x100002ea                PWM0_CMP0_DriverIRQHandler
                0x100002ea                IntDefaultHandler
                0x100002ea                UART5_ERR_DriverIRQHandler
                0x100002ea                PORTC_DriverIRQHandler
                0x100002ea                DAC0_DriverIRQHandler
                0x100002ea                CMP2_DriverIRQHandler
                0x100002ea                UART2_ERR_DriverIRQHandler
                0x100002ea                PWM1_RERR_DriverIRQHandler
                0x100002ea                PWM0_FAULT_DriverIRQHandler
                0x100002ea                PWM0_RELOAD1_DriverIRQHandler
                0x100002ea                PIT0_DriverIRQHandler
                0x100002ea                PWM0_RELOAD0_DriverIRQHandler
                0x100002ea                UART3_ERR_DriverIRQHandler
                0x100002ea                ENC_COMPARE_DriverIRQHandler
                0x100002ea                UART0_ERR_DriverIRQHandler
                0x100002ea                PWM0_CMP1_DriverIRQHandler
                0x100002ea                PWM1_CMP3_DriverIRQHandler
                0x100002ea                PORTA_DriverIRQHandler
                0x100002ea                PIT3_DriverIRQHandler
                0x100002ea                PIT1_DriverIRQHandler
                0x100002ea                WDOG_EWM_DriverIRQHandler
                0x100002ea                PDB0_DriverIRQHandler
                0x100002ea                PWM1_RELOAD1_DriverIRQHandler
                0x100002ea                Read_Collision_DriverIRQHandler
                0x100002ea                SWI_DriverIRQHandler
                0x100002ea                PWM1_RELOAD2_DriverIRQHandler
                0x100002ea                UART4_ERR_DriverIRQHandler
                0x100002ea                FTM0_DriverIRQHandler
                0x100002ea                PWM0_RELOAD2_DriverIRQHandler
                0x100002ea                PWM1_FAULT_DriverIRQHandler
                0x100002ea                XBARA_DriverIRQHandler
                0x100002ea                PWM1_CMP2_DriverIRQHandler
                0x100002ea                Reserved118_DriverIRQHandler
                0x100002ea                PWM0_CMP2_DriverIRQHandler
                0x100002ea                ENC_HOME_DriverIRQHandler
                0x100002ea                Reserved88_DriverIRQHandler
                0x100002ea                ADC0_DriverIRQHandler
                0x100002ea                HSADC_ERR_DriverIRQHandler
                0x100002ea                PWM1_CMP1_DriverIRQHandler
                0x100002ea                CMP0_DriverIRQHandler
                0x100002ea                Reserved116_DriverIRQHandler
                0x100002ea                ENC_WDOG_SAB_DriverIRQHandler
                0x100002ea                HSADC0_CCB_DriverIRQHandler
                0x100002ea                FTM3_DriverIRQHandler
                0x100002ea                PWM1_RELOAD3_DriverIRQHandler
                0x100002ea                HSADC1_CCA_DriverIRQHandler
                0x100002ea                UART1_ERR_DriverIRQHandler
                0x100002ea                PORTD_DriverIRQHandler
                0x100002ea                Reserved46_DriverIRQHandler
                0x100002ea                PORTE_DriverIRQHandler
                0x100002ea                FTFE_DriverIRQHandler
                0x100002ea                PWM0_CMP3_DriverIRQHandler
                0x100002ea                ENC_INDEX_DriverIRQHandler
                0x00000400                        . = 0x400
 *fill*         0x100002ec      0x114 ff
                0x10000400                        PROVIDE (__FLASH_CONFIG_START__ = .)
 *(SORT_BY_ALIGNMENT(.FlashConfig))
 .FlashConfig   0x10000400       0x10 ./startup/startup_mkv56f24.o
                0x10000400                Flash_Config
                0x10000410                        PROVIDE (__FLASH_CONFIG_END__ = .)
                0x00000001                        ASSERT (! ((__FLASH_CONFIG_START__ == __FLASH_CONFIG_END__)), Linker Flash Config Support Enabled, but no .FlashConfig section provided within application)
 *(SORT_BY_ALIGNMENT(.text*))
 .text.SVC_Handler
                0x10000410       0x28 ./freertos/freertos_kernel/portable/GCC/ARM_CM4F/port.o
                0x10000410                SVC_Handler
 *fill*         0x10000438        0x8 ff
 .text.PendSV_Handler
                0x10000440       0x68 ./freertos/freertos_kernel/portable/GCC/ARM_CM4F/port.o
                0x10000440                PendSV_Handler
 .text.powf     0x100004a8      0x2d4 C:/nxp/MCUXpressoIDE_25.6.136/ide/plugins/com.nxp.mcuxpresso.tools.win32_25.6.0.202501151204/tools/bin/../lib/gcc/arm-none-eabi/14.2.1/../../../../arm-none-eabi/lib/thumb/v7e-m+fp/hard\libcr_c.a(powf.o)
                0x100004a8                powf
 *fill*         0x1000077c        0x4 ff
 .text._sincosf
                0x10000780      0x138 C:/nxp/MCUXpressoIDE_25.6.136/ide/plugins/com.nxp.mcuxpresso.tools.win32_25.6.0.202501151204/tools/bin/../lib/gcc/arm-none-eabi/14.2.1/../../../../arm-none-eabi/lib/thumb/v7e-m+fp/hard\libcr_c.a(_sincosf.o)
                0x10000780                _sincosf
 .text.DbgConsole_SendDataReliable
                0x100008b8       0x64 ./utilities/fsl_debug_console.o
                0x100008b8                DbgConsole_SendDataReliable
 .text.DbgConsole_Init
                0x1000091c       0xf4 ./utilities/fsl_debug_console.o
                0x1000091c                DbgConsole_Init
 .text.DbgConsole_Printf
                0x10000a10       0x70 ./utilities/fsl_debug_console.o
                0x10000a10                DbgConsole_Printf
 .text.TaskCANopen_Init
                0x10000a80       0x2c ./source/tasks/task_canopen.o
                0x10000a80                TaskCANopen_Init
 .text.TaskCANopen
                0x10000aac       0x80 ./source/tasks/task_canopen.o
                0x10000aac                TaskCANopen
 .text.FusionRadiansToDegrees
                0x10000b2c       0x28 ./source/tasks/task_fusion.o
 .text.FusionAsin
                0x10000b54       0x58 ./source/tasks/task_fusion.o
 .text.TaskFusion_Init
                0x10000bac       0x4c ./source/tasks/task_fusion.o
                0x10000bac                TaskFusion_Init
 .text.TaskFusion
                0x10000bf8      0x478 ./source/tasks/task_fusion.o
                0x10000bf8                TaskFusion
 .text.TaskIMU_Init
                0x10001070       0x2c ./source/tasks/task_imu.o
                0x10001070                TaskIMU_Init
 .text.TaskIMU  0x1000109c      0x130 ./source/tasks/task_imu.o
                0x1000109c                TaskIMU
 .text.Decode_RateOfTurnHR
                0x100011cc       0x8c ./source/tasks/task_imu.o
                0x100011cc                Decode_RateOfTurnHR
 .text.Decode_AccelerationHR
                0x10001258       0x8c ./source/tasks/task_imu.o
                0x10001258                Decode_AccelerationHR
 .text.Decode_MagneticField
                0x100012e4       0x8c ./source/tasks/task_imu.o
                0x100012e4                Decode_MagneticField
 .text.Semaphores_Init
                0x10001370       0x40 ./source/shared/semaphores.o
                0x10001370                Semaphores_Init
 .text.FusionDegreesToRadians
                0x100013b0       0x28 ./source/fusion/FusionAhrs.o
 .text.FusionFastInverseSqrt
                0x100013d8       0x60 ./source/fusion/FusionAhrs.o
 .text.FusionAhrsInitialise
                0x10001438       0x3c ./source/fusion/FusionAhrs.o
                0x10001438                FusionAhrsInitialise
 .text.FusionAhrsReset
                0x10001474       0xc8 ./source/fusion/FusionAhrs.o
                0x10001474                FusionAhrsReset
 .text.FusionAhrsSetSettings
                0x1000153c      0x170 ./source/fusion/FusionAhrs.o
                0x1000153c                FusionAhrsSetSettings
 .text.FusionAhrsUpdateNoMagnetometer
                0x100016ac       0xb4 ./source/fusion/FusionAhrs.o
                0x100016ac                FusionAhrsUpdateNoMagnetometer
 .text.FusionOffsetInitialise
                0x10001760       0x64 ./source/fusion/FusionOffset.o
                0x10001760                FusionOffsetInitialise
 .text.CAN0_ORed_Message_buffer_IRQHandler
                0x100017c4       0xf8 ./source/drivers/flexcan0_drv.o
                0x100017c4                CAN0_ORed_Message_buffer_IRQHandler
 .text.PIT0_IRQHandler
                0x100018bc       0x5c ./source/drivers/pit_drv.o
                0x100018bc                PIT0_IRQHandler
 .text.main     0x10001918       0x44 ./source/kfx_backpan_fusion.o
                0x10001918                main
 .text.pvPortMalloc
                0x1000195c      0x19c ./freertos/freertos_kernel/portable/MemMang/heap_4.o
                0x1000195c                pvPortMalloc
 .text.vPortFree
                0x10001af8       0xc8 ./freertos/freertos_kernel/portable/MemMang/heap_4.o
                0x10001af8                vPortFree
 .text.prvHeapInit
                0x10001bc0       0xc4 ./freertos/freertos_kernel/portable/MemMang/heap_4.o
 .text.prvInsertBlockIntoFreeList
                0x10001c84       0xb4 ./freertos/freertos_kernel/portable/MemMang/heap_4.o
 .text.pxPortInitialiseStack
                0x10001d38       0x68 ./freertos/freertos_kernel/portable/GCC/ARM_CM4F/port.o
                0x10001d38                pxPortInitialiseStack
 .text.prvTaskExitError
                0x10001da0       0x5c ./freertos/freertos_kernel/portable/GCC/ARM_CM4F/port.o
 .text.prvPortStartFirstTask
                0x10001dfc       0x28 ./freertos/freertos_kernel/portable/GCC/ARM_CM4F/port.o
 .text.xPortStartScheduler
                0x10001e24      0x148 ./freertos/freertos_kernel/portable/GCC/ARM_CM4F/port.o
                0x10001e24                xPortStartScheduler
 .text.vPortEnterCritical
                0x10001f6c       0x64 ./freertos/freertos_kernel/portable/GCC/ARM_CM4F/port.o
                0x10001f6c                vPortEnterCritical
 .text.vPortExitCritical
                0x10001fd0       0x54 ./freertos/freertos_kernel/portable/GCC/ARM_CM4F/port.o
                0x10001fd0                vPortExitCritical
 .text.SysTick_Handler
                0x10002024       0x44 ./freertos/freertos_kernel/portable/GCC/ARM_CM4F/port.o
                0x10002024                SysTick_Handler
 .text.vPortSetupTimerInterrupt
                0x10002068       0x48 ./freertos/freertos_kernel/portable/GCC/ARM_CM4F/port.o
                0x10002068                vPortSetupTimerInterrupt
 .text.vPortEnableVFP
                0x100020b0       0x14 ./freertos/freertos_kernel/portable/GCC/ARM_CM4F/port.o
 .text.vPortValidateInterruptPriority
                0x100020c4       0x84 ./freertos/freertos_kernel/portable/GCC/ARM_CM4F/port.o
                0x100020c4                vPortValidateInterruptPriority
 .text.xEventGroupSetBitsFromISR
                0x10002148       0x28 ./freertos/freertos_kernel/event_groups.o
                0x10002148                xEventGroupSetBitsFromISR
 .text.xQueueGenericReset
                0x10002170       0xd4 ./freertos/freertos_kernel/queue.o
                0x10002170                xQueueGenericReset
 .text.xQueueGenericSend
                0x10002244      0x204 ./freertos/freertos_kernel/queue.o
                0x10002244                xQueueGenericSend
 .text.xQueueReceive
                0x10002448      0x1c4 ./freertos/freertos_kernel/queue.o
                0x10002448                xQueueReceive
 .text.xQueueSemaphoreTake
                0x1000260c      0x224 ./freertos/freertos_kernel/queue.o
                0x1000260c                xQueueSemaphoreTake
 .text.vQueueAddToRegistry
                0x10002830       0x54 ./freertos/freertos_kernel/queue.o
                0x10002830                vQueueAddToRegistry
 .text.vQueueUnregisterQueue
                0x10002884       0x54 ./freertos/freertos_kernel/queue.o
                0x10002884                vQueueUnregisterQueue
 .text.prvAddNewTaskToReadyList
                0x100028d8       0xdc ./freertos/freertos_kernel/tasks.o
 .text.vTaskStartScheduler
                0x100029b4       0x9c ./freertos/freertos_kernel/tasks.o
                0x100029b4                vTaskStartScheduler
 .text.vTaskSuspendAll
                0x10002a50       0x1c ./freertos/freertos_kernel/tasks.o
                0x10002a50                vTaskSuspendAll
 .text.xTaskResumeAll
                0x10002a6c      0x13c ./freertos/freertos_kernel/tasks.o
                0x10002a6c                xTaskResumeAll
 .text.xTaskGetTickCount
                0x10002ba8       0x20 ./freertos/freertos_kernel/tasks.o
                0x10002ba8                xTaskGetTickCount
 .text.xTaskIncrementTick
                0x10002bc8      0x158 ./freertos/freertos_kernel/tasks.o
                0x10002bc8                xTaskIncrementTick
 .text.vTaskSwitchContext
                0x10002d20       0xb8 ./freertos/freertos_kernel/tasks.o
                0x10002d20                vTaskSwitchContext
 .text.vTaskPlaceOnEventList
                0x10002dd8       0x4c ./freertos/freertos_kernel/tasks.o
                0x10002dd8                vTaskPlaceOnEventList
 .text.vTaskPlaceOnEventListRestricted
                0x10002e24       0x58 ./freertos/freertos_kernel/tasks.o
                0x10002e24                vTaskPlaceOnEventListRestricted
 .text.xTaskRemoveFromEventList
                0x10002e7c       0xc8 ./freertos/freertos_kernel/tasks.o
                0x10002e7c                xTaskRemoveFromEventList
 .text.vTaskRemoveFromUnorderedEventList
                0x10002f44       0xc8 ./freertos/freertos_kernel/tasks.o
                0x10002f44                vTaskRemoveFromUnorderedEventList
 .text.vTaskInternalSetTimeOutState
                0x1000300c       0x2c ./freertos/freertos_kernel/tasks.o
                0x1000300c                vTaskInternalSetTimeOutState
 .text.xTaskCheckForTimeOut
                0x10003038       0xc8 ./freertos/freertos_kernel/tasks.o
                0x10003038                xTaskCheckForTimeOut
 .text.vTaskMissedYield
                0x10003100       0x18 ./freertos/freertos_kernel/tasks.o
                0x10003100                vTaskMissedYield
 .text.prvIdleTask
                0x10003118       0x30 ./freertos/freertos_kernel/tasks.o
 .text.prvInitialiseTaskLists
                0x10003148       0x80 ./freertos/freertos_kernel/tasks.o
 .text.prvCheckTasksWaitingTermination
                0x100031c8       0x5c ./freertos/freertos_kernel/tasks.o
 .text.prvResetNextTaskUnblockTime
                0x10003224       0x40 ./freertos/freertos_kernel/tasks.o
 .text.xTaskGetSchedulerState
                0x10003264       0x3c ./freertos/freertos_kernel/tasks.o
                0x10003264                xTaskGetSchedulerState
 .text.xTaskPriorityInherit
                0x100032a0       0xec ./freertos/freertos_kernel/tasks.o
                0x100032a0                xTaskPriorityInherit
 .text.xTaskPriorityDisinherit
                0x1000338c      0x110 ./freertos/freertos_kernel/tasks.o
                0x1000338c                xTaskPriorityDisinherit
 .text.vTaskPriorityDisinheritAfterTimeout
                0x1000349c      0x120 ./freertos/freertos_kernel/tasks.o
                0x1000349c                vTaskPriorityDisinheritAfterTimeout
 .text.pvTaskIncrementMutexHeldCount
                0x100035bc       0x28 ./freertos/freertos_kernel/tasks.o
                0x100035bc                pvTaskIncrementMutexHeldCount
 .text.ulTaskNotifyTake
                0x100035e4       0x90 ./freertos/freertos_kernel/tasks.o
                0x100035e4                ulTaskNotifyTake
 .text.vTaskNotifyGiveFromISR
                0x10003674      0x128 ./freertos/freertos_kernel/tasks.o
                0x10003674                vTaskNotifyGiveFromISR
 .text.prvAddCurrentTaskToDelayedList
                0x1000379c       0xcc ./freertos/freertos_kernel/tasks.o
 .text.xTimerCreateTimerTask
                0x10003868       0x64 ./freertos/freertos_kernel/timers.o
                0x10003868                xTimerCreateTimerTask
 .text.xTimerGenericCommand
                0x100038cc       0x9c ./freertos/freertos_kernel/timers.o
                0x100038cc                xTimerGenericCommand
 .text.prvProcessExpiredTimer
                0x10003968       0x9c ./freertos/freertos_kernel/timers.o
 .text.prvProcessTimerOrBlockTask
                0x10003a04       0x9c ./freertos/freertos_kernel/timers.o
 .text.prvGetNextExpireTime
                0x10003aa0       0x48 ./freertos/freertos_kernel/timers.o
 .text.prvSampleTimeNow
                0x10003ae8       0x40 ./freertos/freertos_kernel/timers.o
 .text.prvInsertTimerInActiveList
                0x10003b28       0x84 ./freertos/freertos_kernel/timers.o
 .text.prvProcessReceivedCommands
                0x10003bac      0x1cc ./freertos/freertos_kernel/timers.o
 .text.prvSwitchTimerLists
                0x10003d78       0xcc ./freertos/freertos_kernel/timers.o
 .text.prvCheckForValidListAndQueue
                0x10003e44       0x6c ./freertos/freertos_kernel/timers.o
 .text.xTimerPendFunctionCallFromISR
                0x10003eb0       0x40 ./freertos/freertos_kernel/timers.o
                0x10003eb0                xTimerPendFunctionCallFromISR
 .text.UART_RTOS_Callback
                0x10003ef0       0xc0 ./drivers/freertos/fsl_uart_freertos.o
 .text.UART_RTOS_Init
                0x10003fb0      0x16c ./drivers/freertos/fsl_uart_freertos.o
                0x10003fb0                UART_RTOS_Init
 .text.CLOCK_SetEr32kClock
                0x1000411c       0x30 ./drivers/fsl_clock.o
 .text.CLOCK_SetPllFllSelClock
                0x1000414c       0x38 ./drivers/fsl_clock.o
 .text.CLOCK_GetMcgExtClkFreq
                0x10004184       0x24 ./drivers/fsl_clock.o
 .text.CLOCK_GetFllExtRefClkFreq
                0x100041a8       0x98 ./drivers/fsl_clock.o
 .text.CLOCK_GetInternalRefClkSelectFreq
                0x10004240       0x4c ./drivers/fsl_clock.o
 .text.CLOCK_GetFllRefClkFreq
                0x1000428c       0x34 ./drivers/fsl_clock.o
 .text.CLOCK_GetOscRangeFromFreq
                0x100042c0       0x3c ./drivers/fsl_clock.o
 .text.CLOCK_GetOsc0ErClkUndivFreq
                0x100042fc       0x44 ./drivers/fsl_clock.o
                0x100042fc                CLOCK_GetOsc0ErClkUndivFreq
 .text.CLOCK_GetOsc0ErClkDivFreq
                0x10004340       0x58 ./drivers/fsl_clock.o
                0x10004340                CLOCK_GetOsc0ErClkDivFreq
 .text.CLOCK_GetEr32kClkFreq
                0x10004398       0x50 ./drivers/fsl_clock.o
                0x10004398                CLOCK_GetEr32kClkFreq
 .text.CLOCK_GetPllFllSelClkFreq
                0x100043e8       0x44 ./drivers/fsl_clock.o
                0x100043e8                CLOCK_GetPllFllSelClkFreq
 .text.CLOCK_GetFreq
                0x1000442c      0x13c ./drivers/fsl_clock.o
                0x1000442c                CLOCK_GetFreq
 .text.CLOCK_SetSimConfig
                0x10004568       0x34 ./drivers/fsl_clock.o
                0x10004568                CLOCK_SetSimConfig
 .text.CLOCK_GetOutClkFreq
                0x1000459c       0x64 ./drivers/fsl_clock.o
                0x1000459c                CLOCK_GetOutClkFreq
 .text.CLOCK_GetFllFreq
                0x10004600       0x84 ./drivers/fsl_clock.o
                0x10004600                CLOCK_GetFllFreq
 .text.CLOCK_GetInternalRefClkFreq
                0x10004684       0x30 ./drivers/fsl_clock.o
                0x10004684                CLOCK_GetInternalRefClkFreq
 .text.CLOCK_GetPll0Freq
                0x100046b4       0x7c ./drivers/fsl_clock.o
                0x100046b4                CLOCK_GetPll0Freq
 .text.CLOCK_EnablePll0
                0x10004730       0x88 ./drivers/fsl_clock.o
                0x10004730                CLOCK_EnablePll0
 .text.CLOCK_InitOsc0
                0x100047b8       0x8c ./drivers/fsl_clock.o
                0x100047b8                CLOCK_InitOsc0
 .text.CLOCK_SetPbeMode
                0x10004844       0xa8 ./drivers/fsl_clock.o
                0x10004844                CLOCK_SetPbeMode
 .text.CLOCK_BootToPeeMode
                0x100048ec       0x60 ./drivers/fsl_clock.o
                0x100048ec                CLOCK_BootToPeeMode
 .text.DSPI_CommonIRQHandler
                0x1000494c       0x44 ./drivers/fsl_dspi.o
 .text.SPI0_DriverIRQHandler
                0x10004990       0x30 ./drivers/fsl_dspi.o
                0x10004990                SPI0_DriverIRQHandler
 .text.SPI1_DriverIRQHandler
                0x100049c0       0x30 ./drivers/fsl_dspi.o
                0x100049c0                SPI1_DriverIRQHandler
 .text.SPI2_DriverIRQHandler
                0x100049f0       0x30 ./drivers/fsl_dspi.o
                0x100049f0                SPI2_DriverIRQHandler
 .text.EDMA_GetChannelStatusFlags
                0x10004a20       0x74 ./drivers/fsl_edma.o
                0x10004a20                EDMA_GetChannelStatusFlags
 .text.EDMA_HandleIRQ
                0x10004a94      0x160 ./drivers/fsl_edma.o
                0x10004a94                EDMA_HandleIRQ
 .text.DMA0_DMA16_DriverIRQHandler
                0x10004bf4       0x50 ./drivers/fsl_edma.o
                0x10004bf4                DMA0_DMA16_DriverIRQHandler
 .text.DMA1_DMA17_DriverIRQHandler
                0x10004c44       0x50 ./drivers/fsl_edma.o
                0x10004c44                DMA1_DMA17_DriverIRQHandler
 .text.DMA2_DMA18_DriverIRQHandler
                0x10004c94       0x50 ./drivers/fsl_edma.o
                0x10004c94                DMA2_DMA18_DriverIRQHandler
 .text.DMA3_DMA19_DriverIRQHandler
                0x10004ce4       0x50 ./drivers/fsl_edma.o
                0x10004ce4                DMA3_DMA19_DriverIRQHandler
 .text.DMA4_DMA20_DriverIRQHandler
                0x10004d34       0x50 ./drivers/fsl_edma.o
                0x10004d34                DMA4_DMA20_DriverIRQHandler
 .text.DMA5_DMA21_DriverIRQHandler
                0x10004d84       0x50 ./drivers/fsl_edma.o
                0x10004d84                DMA5_DMA21_DriverIRQHandler
 .text.DMA6_DMA22_DriverIRQHandler
                0x10004dd4       0x50 ./drivers/fsl_edma.o
                0x10004dd4                DMA6_DMA22_DriverIRQHandler
 .text.DMA7_DMA23_DriverIRQHandler
                0x10004e24       0x50 ./drivers/fsl_edma.o
                0x10004e24                DMA7_DMA23_DriverIRQHandler
 .text.DMA8_DMA24_DriverIRQHandler
                0x10004e74       0x50 ./drivers/fsl_edma.o
                0x10004e74                DMA8_DMA24_DriverIRQHandler
 .text.DMA9_DMA25_DriverIRQHandler
                0x10004ec4       0x50 ./drivers/fsl_edma.o
                0x10004ec4                DMA9_DMA25_DriverIRQHandler
 .text.DMA10_DMA26_DriverIRQHandler
                0x10004f14       0x50 ./drivers/fsl_edma.o
                0x10004f14                DMA10_DMA26_DriverIRQHandler
 .text.DMA11_DMA27_DriverIRQHandler
                0x10004f64       0x50 ./drivers/fsl_edma.o
                0x10004f64                DMA11_DMA27_DriverIRQHandler
 .text.DMA12_DMA28_DriverIRQHandler
                0x10004fb4       0x50 ./drivers/fsl_edma.o
                0x10004fb4                DMA12_DMA28_DriverIRQHandler
 .text.DMA13_DMA29_DriverIRQHandler
                0x10005004       0x50 ./drivers/fsl_edma.o
                0x10005004                DMA13_DMA29_DriverIRQHandler
 .text.DMA14_DMA30_DriverIRQHandler
                0x10005054       0x50 ./drivers/fsl_edma.o
                0x10005054                DMA14_DMA30_DriverIRQHandler
 .text.DMA15_DMA31_DriverIRQHandler
                0x100050a4       0x50 ./drivers/fsl_edma.o
                0x100050a4                DMA15_DMA31_DriverIRQHandler
 .text.CLOCK_EnableClock
                0x100050f4       0x34 ./drivers/fsl_flexcan.o
 .text.FLEXCAN_GetInstance
                0x10005128       0x4c ./drivers/fsl_flexcan.o
                0x10005128                FLEXCAN_GetInstance
 .text.FLEXCAN_Reset
                0x10005174       0xd8 ./drivers/fsl_flexcan.o
 .text.FLEXCAN_SetBaudRate
                0x1000524c       0x98 ./drivers/fsl_flexcan.o
 .text.FLEXCAN_Init
                0x100052e4      0x194 ./drivers/fsl_flexcan.o
                0x100052e4                FLEXCAN_Init
 .text.FLEXCAN_SetTimingConfig
                0x10005478       0x7c ./drivers/fsl_flexcan.o
                0x10005478                FLEXCAN_SetTimingConfig
 .text.FLEXCAN_SetTxMbConfig
                0x100054f4       0xa4 ./drivers/fsl_flexcan.o
                0x100054f4                FLEXCAN_SetTxMbConfig
 .text.FLEXCAN_SetRxMbConfig
                0x10005598       0xf8 ./drivers/fsl_flexcan.o
                0x10005598                FLEXCAN_SetRxMbConfig
 .text.FLEXCAN_ReadRxMb
                0x10005690      0x124 ./drivers/fsl_flexcan.o
                0x10005690                FLEXCAN_ReadRxMb
 .text.CAN0_DriverIRQHandler
                0x100057b4       0x3c ./drivers/fsl_flexcan.o
                0x100057b4                CAN0_DriverIRQHandler
 .text.CAN1_DriverIRQHandler
                0x100057f0       0x3c ./drivers/fsl_flexcan.o
                0x100057f0                CAN1_DriverIRQHandler
 .text.GPIO_GetInstance
                0x1000582c       0x4c ./drivers/fsl_gpio.o
 .text.GPIO_PortGetInterruptFlags
                0x10005878       0x30 ./drivers/fsl_gpio.o
                0x10005878                GPIO_PortGetInterruptFlags
 .text.GPIO_PortClearInterruptFlags
                0x100058a8       0x34 ./drivers/fsl_gpio.o
                0x100058a8                GPIO_PortClearInterruptFlags
 .text.I2C_TransferCommonIRQHandler
                0x100058dc       0x58 ./drivers/fsl_i2c.o
 .text.I2C0_DriverIRQHandler
                0x10005934       0x1c ./drivers/fsl_i2c.o
                0x10005934                I2C0_DriverIRQHandler
 .text.I2C1_DriverIRQHandler
                0x10005950       0x1c ./drivers/fsl_i2c.o
                0x10005950                I2C1_DriverIRQHandler
 .text.CLOCK_EnableClock
                0x1000596c       0x34 ./drivers/fsl_pit.o
 .text.PIT_GetInstance
                0x100059a0       0x44 ./drivers/fsl_pit.o
 .text.PIT_Init
                0x100059e4       0x94 ./drivers/fsl_pit.o
                0x100059e4                PIT_Init
 .text.__NVIC_EnableIRQ
                0x10005a78       0x3c ./drivers/fsl_uart.o
 .text.CLOCK_EnableClock
                0x10005ab4       0x34 ./drivers/fsl_uart.o
 .text.UART_GetInstance
                0x10005ae8       0x54 ./drivers/fsl_uart.o
                0x10005ae8                UART_GetInstance
 .text.UART_TransferGetRxRingBufferLength
                0x10005b3c       0x50 ./drivers/fsl_uart.o
                0x10005b3c                UART_TransferGetRxRingBufferLength
 .text.UART_TransferIsRxRingBufferFull
                0x10005b8c       0x40 ./drivers/fsl_uart.o
 .text.UART_Init
                0x10005bcc      0x2f4 ./drivers/fsl_uart.o
                0x10005bcc                UART_Init
 .text.UART_GetDefaultConfig
                0x10005ec0       0x68 ./drivers/fsl_uart.o
                0x10005ec0                UART_GetDefaultConfig
 .text.UART_EnableInterrupts
                0x10005f28       0x70 ./drivers/fsl_uart.o
                0x10005f28                UART_EnableInterrupts
 .text.UART_DisableInterrupts
                0x10005f98       0x90 ./drivers/fsl_uart.o
                0x10005f98                UART_DisableInterrupts
 .text.UART_WriteNonBlocking
                0x10006028       0x48 ./drivers/fsl_uart.o
 .text.UART_ReadNonBlocking
                0x10006070       0x48 ./drivers/fsl_uart.o
 .text.UART_TransferCreateHandle
                0x100060b8       0x84 ./drivers/fsl_uart.o
                0x100060b8                UART_TransferCreateHandle
 .text.UART_TransferStartRingBuffer
                0x1000613c       0x74 ./drivers/fsl_uart.o
                0x1000613c                UART_TransferStartRingBuffer
 .text.UART_TransferHandleIRQ
                0x100061b0      0x534 ./drivers/fsl_uart.o
                0x100061b0                UART_TransferHandleIRQ
 .text.UART0_DriverIRQHandler
                0x100066e4       0x28 ./drivers/fsl_uart.o
                0x100066e4                UART0_DriverIRQHandler
 .text.UART1_DriverIRQHandler
                0x1000670c       0x28 ./drivers/fsl_uart.o
                0x1000670c                UART1_DriverIRQHandler
 .text.UART2_DriverIRQHandler
                0x10006734       0x28 ./drivers/fsl_uart.o
                0x10006734                UART2_DriverIRQHandler
 .text.UART3_DriverIRQHandler
                0x1000675c       0x28 ./drivers/fsl_uart.o
                0x1000675c                UART3_DriverIRQHandler
 .text.UART4_DriverIRQHandler
                0x10006784       0x28 ./drivers/fsl_uart.o
                0x10006784                UART4_DriverIRQHandler
 .text.UART5_DriverIRQHandler
                0x100067ac       0x28 ./drivers/fsl_uart.o
                0x100067ac                UART5_DriverIRQHandler
 .text.SystemInit
                0x100067d4      0x108 ./device/system_MKV56F24.o
                0x100067d4                SystemInit
 .text.HAL_UartInit
                0x100068dc      0x108 ./component/uart/uart_adapter.o
                0x100068dc                HAL_UartInit
 .text.HAL_UartSendBlocking
                0x100069e4       0x64 ./component/uart/uart_adapter.o
                0x100069e4                HAL_UartSendBlocking
 .text.HAL_TimerInterruptHandle
                0x10006a48       0x4c ./component/timer/ftm_adapter.o
 .text.SerialManager_Write
                0x10006a94       0x6c ./component/serial_manager/serial_manager.o
 .text.SerialManager_Init
                0x10006b00       0x74 ./component/serial_manager/serial_manager.o
                0x10006b00                SerialManager_Init
 .text.SerialManager_OpenWriteHandle
                0x10006b74       0x64 ./component/serial_manager/serial_manager.o
                0x10006b74                SerialManager_OpenWriteHandle
 .text.Serial_UartInit
                0x10006bd8       0x80 ./component/serial_manager/serial_port_uart.o
                0x10006bd8                Serial_UartInit
 .text.Serial_UartWrite
                0x10006c58       0x58 ./component/serial_manager/serial_port_uart.o
                0x10006c58                Serial_UartWrite
 .text.HAL_GpioInterruptHandle
                0x10006cb0       0xf4 ./component/gpio/gpio_adapter.o
 .text.CLOCK_SetXtal0Freq
                0x10006da4       0x20 ./board/clock_config.o
 .text.CLOCK_CONFIG_SetSimSafeDivs
                0x10006dc4       0x24 ./board/clock_config.o
 .text.CLOCK_CONFIG_SetFllExtRefDiv
                0x10006de8       0x3c ./board/clock_config.o
 .text.BOARD_BootClockRUN
                0x10006e24       0x70 ./board/clock_config.o
                0x10006e24                BOARD_BootClockRUN
 .text.__NVIC_EnableIRQ
                0x10006e94       0x3c ./board/peripherals.o
 .text.__NVIC_SetPriority
                0x10006ed0       0x54 ./board/peripherals.o
 .text.CAN0_init
                0x10006f24       0x74 ./board/peripherals.o
 .text.CAN1_init
                0x10006f98       0x38 ./board/peripherals.o
 .text.PIT_init
                0x10006fd0       0x44 ./board/peripherals.o
 .text.UART0_init
                0x10007014       0x2c ./board/peripherals.o
 .text.UART2_init
                0x10007040       0x2c ./board/peripherals.o
 .text.UART4_init
                0x1000706c       0x2c ./board/peripherals.o
 .text.DebugConsole_init
                0x10007098       0x1c ./board/peripherals.o
 .text.CLOCK_EnableClock
                0x100070b4       0x34 ./board/pin_mux.o
 .text.BOARD_InitPins
                0x100070e8      0x170 ./board/pin_mux.o
                0x100070e8                BOARD_InitPins
 .text.__assertion_failed
                0x10007258       0x4c C:/nxp/MCUXpressoIDE_25.6.136/ide/plugins/com.nxp.mcuxpresso.tools.win32_25.6.0.202501151204/tools/bin/../lib/gcc/arm-none-eabi/14.2.1/../../../../arm-none-eabi/lib/thumb/v7e-m+fp/hard\libcr_nohost_nf.a(_cr_assert.o)
                0x10007258                __assertion_failed
 .text.atan2f   0x100072a4       0xc0 C:/nxp/MCUXpressoIDE_25.6.136/ide/plugins/com.nxp.mcuxpresso.tools.win32_25.6.0.202501151204/tools/bin/../lib/gcc/arm-none-eabi/14.2.1/../../../../arm-none-eabi/lib/thumb/v7e-m+fp/hard\libcr_c.a(atan2f.o)
                0x100072a4                atan2f
 .text.atanf    0x10007364       0xec C:/nxp/MCUXpressoIDE_25.6.136/ide/plugins/com.nxp.mcuxpresso.tools.win32_25.6.0.202501151204/tools/bin/../lib/gcc/arm-none-eabi/14.2.1/../../../../arm-none-eabi/lib/thumb/v7e-m+fp/hard\libcr_c.a(atanf.o)
                0x10007364                atanf
 .text.cosf     0x10007450       0x30 C:/nxp/MCUXpressoIDE_25.6.136/ide/plugins/com.nxp.mcuxpresso.tools.win32_25.6.0.202501151204/tools/bin/../lib/gcc/arm-none-eabi/14.2.1/../../../../arm-none-eabi/lib/thumb/v7e-m+fp/hard\libcr_c.a(cosf.o)
                0x10007450                cosf
 .text._Cwritebuf
                0x10007480       0x70 C:/nxp/MCUXpressoIDE_25.6.136/ide/plugins/com.nxp.mcuxpresso.tools.win32_25.6.0.202501151204/tools/bin/../lib/gcc/arm-none-eabi/14.2.1/../../../../arm-none-eabi/lib/thumb/v7e-m+fp/hard\libcr_c.a(_writebuf.o)
                0x10007480                _Cwritebuf
 .text.malloc   0x100074f0       0xc8 C:/nxp/MCUXpressoIDE_25.6.136/ide/plugins/com.nxp.mcuxpresso.tools.win32_25.6.0.202501151204/tools/bin/../lib/gcc/arm-none-eabi/14.2.1/../../../../arm-none-eabi/lib/thumb/v7e-m+fp/hard\libcr_c.a(alloc.o)
                0x100074f0                malloc
 .text._Csys_alloc
                0x100075b8       0x20 C:/nxp/MCUXpressoIDE_25.6.136/ide/plugins/com.nxp.mcuxpresso.tools.win32_25.6.0.202501151204/tools/bin/../lib/gcc/arm-none-eabi/14.2.1/../../../../arm-none-eabi/lib/thumb/v7e-m+fp/hard\libcr_c.a(alloc.o)
                0x100075b8                _Csys_alloc
 .text.fseek    0x100075d8       0xf8 C:/nxp/MCUXpressoIDE_25.6.136/ide/plugins/com.nxp.mcuxpresso.tools.win32_25.6.0.202501151204/tools/bin/../lib/gcc/arm-none-eabi/14.2.1/../../../../arm-none-eabi/lib/thumb/v7e-m+fp/hard\libcr_c.a(fseek.o)
                0x100075d8                fseek
 .text.ftell    0x100076d0       0x44 C:/nxp/MCUXpressoIDE_25.6.136/ide/plugins/com.nxp.mcuxpresso.tools.win32_25.6.0.202501151204/tools/bin/../lib/gcc/arm-none-eabi/14.2.1/../../../../arm-none-eabi/lib/thumb/v7e-m+fp/hard\libcr_c.a(ftell.o)
                0x100076d0                ftell
 .text._initio  0x10007714       0x78 C:/nxp/MCUXpressoIDE_25.6.136/ide/plugins/com.nxp.mcuxpresso.tools.win32_25.6.0.202501151204/tools/bin/../lib/gcc/arm-none-eabi/14.2.1/../../../../arm-none-eabi/lib/thumb/v7e-m+fp/hard\libcr_c.a(initio.o)
                0x10007714                _initio
 .text._asinacosf
                0x1000778c      0x158 C:/nxp/MCUXpressoIDE_25.6.136/ide/plugins/com.nxp.mcuxpresso.tools.win32_25.6.0.202501151204/tools/bin/../lib/gcc/arm-none-eabi/14.2.1/../../../../arm-none-eabi/lib/thumb/v7e-m+fp/hard\libcr_c.a(_asinacosf.o)
                0x1000778c                _asinacosf
 .text.frexpf   0x100078e4       0x50 C:/nxp/MCUXpressoIDE_25.6.136/ide/plugins/com.nxp.mcuxpresso.tools.win32_25.6.0.202501151204/tools/bin/../lib/gcc/arm-none-eabi/14.2.1/../../../../arm-none-eabi/lib/thumb/v7e-m+fp/hard\libcr_c.a(frexpf.o)
                0x100078e4                frexpf
 .text.ldexpf   0x10007934       0x40 C:/nxp/MCUXpressoIDE_25.6.136/ide/plugins/com.nxp.mcuxpresso.tools.win32_25.6.0.202501151204/tools/bin/../lib/gcc/arm-none-eabi/14.2.1/../../../../arm-none-eabi/lib/thumb/v7e-m+fp/hard\libcr_c.a(ldexpf.o)
                0x10007934                ldexpf
 .text._sbrk    0x10007974       0x3c C:/nxp/MCUXpressoIDE_25.6.136/ide/plugins/com.nxp.mcuxpresso.tools.win32_25.6.0.202501151204/tools/bin/../lib/gcc/arm-none-eabi/14.2.1/../../../../arm-none-eabi/lib/thumb/v7e-m+fp/hard\libcr_c.a(_cr_sbrk.o)
                0x10007974                _sbrk
 .text.fflush   0x100079b0       0x3c C:/nxp/MCUXpressoIDE_25.6.136/ide/plugins/com.nxp.mcuxpresso.tools.win32_25.6.0.202501151204/tools/bin/../lib/gcc/arm-none-eabi/14.2.1/../../../../arm-none-eabi/lib/thumb/v7e-m+fp/hard\libcr_c.a(fflush.o)
                0x100079b0                fflush
 .text.__check_heap_overflow
                0x100079ec       0x18 C:/nxp/MCUXpressoIDE_25.6.136/ide/plugins/com.nxp.mcuxpresso.tools.win32_25.6.0.202501151204/tools/bin/../lib/gcc/arm-none-eabi/14.2.1/../../../../arm-none-eabi/lib/thumb/v7e-m+fp/hard\libcr_c.a(_cr_check_heap.o)
                0x100079ec                __check_heap_overflow
 .text.__aeabi_dmul
                0x10007a04       0xfc C:/nxp/MCUXpressoIDE_25.6.136/ide/plugins/com.nxp.mcuxpresso.tools.win32_25.6.0.202501151204/tools/bin/../lib/gcc/arm-none-eabi/14.2.1/thumb/v7e-m+fp/hard\libcr_eabihelpers.a(double.o)
                0x10007a04                __aeabi_dmul
 .text.__aeabi_dsub
                0x10007b00      0x1b4 C:/nxp/MCUXpressoIDE_25.6.136/ide/plugins/com.nxp.mcuxpresso.tools.win32_25.6.0.202501151204/tools/bin/../lib/gcc/arm-none-eabi/14.2.1/thumb/v7e-m+fp/hard\libcr_eabihelpers.a(double.o)
                0x10007b00                __aeabi_dsub
 .text.__aeabi_dadd
                0x10007cb4      0x124 C:/nxp/MCUXpressoIDE_25.6.136/ide/plugins/com.nxp.mcuxpresso.tools.win32_25.6.0.202501151204/tools/bin/../lib/gcc/arm-none-eabi/14.2.1/thumb/v7e-m+fp/hard\libcr_eabihelpers.a(double.o)
                0x10007cb4                __aeabi_dadd
 .text.__aeabi_d2f
                0x10007dd8       0x58 C:/nxp/MCUXpressoIDE_25.6.136/ide/plugins/com.nxp.mcuxpresso.tools.win32_25.6.0.202501151204/tools/bin/../lib/gcc/arm-none-eabi/14.2.1/thumb/v7e-m+fp/hard\libcr_eabihelpers.a(double.o)
                0x10007dd8                __aeabi_d2f
 .text.__aeabi_f2d
                0x10007e30       0x38 C:/nxp/MCUXpressoIDE_25.6.136/ide/plugins/com.nxp.mcuxpresso.tools.win32_25.6.0.202501151204/tools/bin/../lib/gcc/arm-none-eabi/14.2.1/thumb/v7e-m+fp/hard\libcr_eabihelpers.a(float.o)
                0x10007e30                __aeabi_f2d
 .text.DbgConsole_PrintCallback
                0x10007e68       0x66 ./utilities/fsl_debug_console.o
 .text.PrintGetWidth
                0x10007ece       0x6a ./utilities/fsl_str.o
 .text.PrintGetPrecision
                0x10007f38       0x8c ./utilities/fsl_str.o
 .text.PrintIsobpu
                0x10007fc4       0x38 ./utilities/fsl_str.o
 .text.PrintIsdi
                0x10007ffc       0x2c ./utilities/fsl_str.o
 .text.PrintOutputdifFobpu
                0x10008028       0x44 ./utilities/fsl_str.o
 .text.PrintOutputxX
                0x1000806c       0x44 ./utilities/fsl_str.o
 .text.PrintIsfF
                0x100080b0       0x2c ./utilities/fsl_str.o
 .text.PrintIsxX
                0x100080dc       0x2c ./utilities/fsl_str.o
 .text.PrintGetRadixFromobpu
                0x10008108       0x40 ./utilities/fsl_str.o
 .text.ConvertRadixNumToString
                0x10008148      0x118 ./utilities/fsl_str.o
 .text.StrFormatPrintf
                0x10008260      0x286 ./utilities/fsl_str.o
                0x10008260                StrFormatPrintf
 .text.DMA0_DMA16_IRQHandler
                0x100084e6        0x8 ./startup/startup_mkv56f24.o
                0x100084e6                DMA0_DMA16_IRQHandler
 .text.DMA1_DMA17_IRQHandler
                0x100084ee        0x8 ./startup/startup_mkv56f24.o
                0x100084ee                DMA1_DMA17_IRQHandler
 .text.DMA2_DMA18_IRQHandler
                0x100084f6        0x8 ./startup/startup_mkv56f24.o
                0x100084f6                DMA2_DMA18_IRQHandler
 .text.DMA3_DMA19_IRQHandler
                0x100084fe        0x8 ./startup/startup_mkv56f24.o
                0x100084fe                DMA3_DMA19_IRQHandler
 .text.DMA4_DMA20_IRQHandler
                0x10008506        0x8 ./startup/startup_mkv56f24.o
                0x10008506                DMA4_DMA20_IRQHandler
 .text.DMA5_DMA21_IRQHandler
                0x1000850e        0x8 ./startup/startup_mkv56f24.o
                0x1000850e                DMA5_DMA21_IRQHandler
 .text.DMA6_DMA22_IRQHandler
                0x10008516        0x8 ./startup/startup_mkv56f24.o
                0x10008516                DMA6_DMA22_IRQHandler
 .text.DMA7_DMA23_IRQHandler
                0x1000851e        0x8 ./startup/startup_mkv56f24.o
                0x1000851e                DMA7_DMA23_IRQHandler
 .text.DMA8_DMA24_IRQHandler
                0x10008526        0x8 ./startup/startup_mkv56f24.o
                0x10008526                DMA8_DMA24_IRQHandler
 .text.DMA9_DMA25_IRQHandler
                0x1000852e        0x8 ./startup/startup_mkv56f24.o
                0x1000852e                DMA9_DMA25_IRQHandler
 .text.DMA10_DMA26_IRQHandler
                0x10008536        0x8 ./startup/startup_mkv56f24.o
                0x10008536                DMA10_DMA26_IRQHandler
 .text.DMA11_DMA27_IRQHandler
                0x1000853e        0x8 ./startup/startup_mkv56f24.o
                0x1000853e                DMA11_DMA27_IRQHandler
 .text.DMA12_DMA28_IRQHandler
                0x10008546        0x8 ./startup/startup_mkv56f24.o
                0x10008546                DMA12_DMA28_IRQHandler
 .text.DMA13_DMA29_IRQHandler
                0x1000854e        0x8 ./startup/startup_mkv56f24.o
                0x1000854e                DMA13_DMA29_IRQHandler
 .text.DMA14_DMA30_IRQHandler
                0x10008556        0x8 ./startup/startup_mkv56f24.o
                0x10008556                DMA14_DMA30_IRQHandler
 .text.DMA15_DMA31_IRQHandler
                0x1000855e        0x8 ./startup/startup_mkv56f24.o
                0x1000855e                DMA15_DMA31_IRQHandler
 .text.DMA_Error_IRQHandler
                0x10008566        0x8 ./startup/startup_mkv56f24.o
                0x10008566                DMA_Error_IRQHandler
 .text.MCM_IRQHandler
                0x1000856e        0x8 ./startup/startup_mkv56f24.o
                0x1000856e                MCM_IRQHandler
 .text.FTFE_IRQHandler
                0x10008576        0x8 ./startup/startup_mkv56f24.o
                0x10008576                FTFE_IRQHandler
 .text.Read_Collision_IRQHandler
                0x1000857e        0x8 ./startup/startup_mkv56f24.o
                0x1000857e                Read_Collision_IRQHandler
 .text.PMC_IRQHandler
                0x10008586        0x8 ./startup/startup_mkv56f24.o
                0x10008586                PMC_IRQHandler
 .text.LLWU_IRQHandler
                0x1000858e        0x8 ./startup/startup_mkv56f24.o
                0x1000858e                LLWU_IRQHandler
 .text.WDOG_EWM_IRQHandler
                0x10008596        0x8 ./startup/startup_mkv56f24.o
                0x10008596                WDOG_EWM_IRQHandler
 .text.TRNG0_IRQHandler
                0x1000859e        0x8 ./startup/startup_mkv56f24.o
                0x1000859e                TRNG0_IRQHandler
 .text.I2C0_IRQHandler
                0x100085a6        0x8 ./startup/startup_mkv56f24.o
                0x100085a6                I2C0_IRQHandler
 .text.I2C1_IRQHandler
                0x100085ae        0x8 ./startup/startup_mkv56f24.o
                0x100085ae                I2C1_IRQHandler
 .text.SPI0_IRQHandler
                0x100085b6        0x8 ./startup/startup_mkv56f24.o
                0x100085b6                SPI0_IRQHandler
 .text.SPI1_IRQHandler
                0x100085be        0x8 ./startup/startup_mkv56f24.o
                0x100085be                SPI1_IRQHandler
 .text.UART5_RX_TX_IRQHandler
                0x100085c6        0x8 ./startup/startup_mkv56f24.o
                0x100085c6                UART5_RX_TX_IRQHandler
 .text.UART5_ERR_IRQHandler
                0x100085ce        0x8 ./startup/startup_mkv56f24.o
                0x100085ce                UART5_ERR_IRQHandler
 .text.Reserved46_IRQHandler
                0x100085d6        0x8 ./startup/startup_mkv56f24.o
                0x100085d6                Reserved46_IRQHandler
 .text.UART0_RX_TX_IRQHandler
                0x100085de        0x8 ./startup/startup_mkv56f24.o
                0x100085de                UART0_RX_TX_IRQHandler
 .text.UART0_ERR_IRQHandler
                0x100085e6        0x8 ./startup/startup_mkv56f24.o
                0x100085e6                UART0_ERR_IRQHandler
 .text.UART1_RX_TX_IRQHandler
                0x100085ee        0x8 ./startup/startup_mkv56f24.o
                0x100085ee                UART1_RX_TX_IRQHandler
 .text.UART1_ERR_IRQHandler
                0x100085f6        0x8 ./startup/startup_mkv56f24.o
                0x100085f6                UART1_ERR_IRQHandler
 .text.UART2_RX_TX_IRQHandler
                0x100085fe        0x8 ./startup/startup_mkv56f24.o
                0x100085fe                UART2_RX_TX_IRQHandler
 .text.UART2_ERR_IRQHandler
                0x10008606        0x8 ./startup/startup_mkv56f24.o
                0x10008606                UART2_ERR_IRQHandler
 .text.ADC0_IRQHandler
                0x1000860e        0x8 ./startup/startup_mkv56f24.o
                0x1000860e                ADC0_IRQHandler
 .text.HSADC_ERR_IRQHandler
                0x10008616        0x8 ./startup/startup_mkv56f24.o
                0x10008616                HSADC_ERR_IRQHandler
 .text.HSADC0_CCA_IRQHandler
                0x1000861e        0x8 ./startup/startup_mkv56f24.o
                0x1000861e                HSADC0_CCA_IRQHandler
 .text.CMP0_IRQHandler
                0x10008626        0x8 ./startup/startup_mkv56f24.o
                0x10008626                CMP0_IRQHandler
 .text.CMP1_IRQHandler
                0x1000862e        0x8 ./startup/startup_mkv56f24.o
                0x1000862e                CMP1_IRQHandler
 .text.UART3_RX_TX_IRQHandler
                0x10008636        0x8 ./startup/startup_mkv56f24.o
                0x10008636                UART3_RX_TX_IRQHandler
 .text.UART3_ERR_IRQHandler
                0x1000863e        0x8 ./startup/startup_mkv56f24.o
                0x1000863e                UART3_ERR_IRQHandler
 .text.UART4_RX_TX_IRQHandler
                0x10008646        0x8 ./startup/startup_mkv56f24.o
                0x10008646                UART4_RX_TX_IRQHandler
 .text.UART4_ERR_IRQHandler
                0x1000864e        0x8 ./startup/startup_mkv56f24.o
                0x1000864e                UART4_ERR_IRQHandler
 .text.PIT1_IRQHandler
                0x10008656        0x8 ./startup/startup_mkv56f24.o
                0x10008656                PIT1_IRQHandler
 .text.PIT2_IRQHandler
                0x1000865e        0x8 ./startup/startup_mkv56f24.o
                0x1000865e                PIT2_IRQHandler
 .text.PIT3_IRQHandler
                0x10008666        0x8 ./startup/startup_mkv56f24.o
                0x10008666                PIT3_IRQHandler
 .text.PDB0_IRQHandler
                0x1000866e        0x8 ./startup/startup_mkv56f24.o
                0x1000866e                PDB0_IRQHandler
 .text.XBARA_IRQHandler
                0x10008676        0x8 ./startup/startup_mkv56f24.o
                0x10008676                XBARA_IRQHandler
 .text.PDB1_IRQHandler
                0x1000867e        0x8 ./startup/startup_mkv56f24.o
                0x1000867e                PDB1_IRQHandler
 .text.DAC0_IRQHandler
                0x10008686        0x8 ./startup/startup_mkv56f24.o
                0x10008686                DAC0_IRQHandler
 .text.MCG_IRQHandler
                0x1000868e        0x8 ./startup/startup_mkv56f24.o
                0x1000868e                MCG_IRQHandler
 .text.LPTMR0_IRQHandler
                0x10008696        0x8 ./startup/startup_mkv56f24.o
                0x10008696                LPTMR0_IRQHandler
 .text.SWI_IRQHandler
                0x1000869e        0x8 ./startup/startup_mkv56f24.o
                0x1000869e                SWI_IRQHandler
 .text.SPI2_IRQHandler
                0x100086a6        0x8 ./startup/startup_mkv56f24.o
                0x100086a6                SPI2_IRQHandler
 .text.ENC_COMPARE_IRQHandler
                0x100086ae        0x8 ./startup/startup_mkv56f24.o
                0x100086ae                ENC_COMPARE_IRQHandler
 .text.ENC_HOME_IRQHandler
                0x100086b6        0x8 ./startup/startup_mkv56f24.o
                0x100086b6                ENC_HOME_IRQHandler
 .text.ENC_WDOG_SAB_IRQHandler
                0x100086be        0x8 ./startup/startup_mkv56f24.o
                0x100086be                ENC_WDOG_SAB_IRQHandler
 .text.ENC_INDEX_IRQHandler
                0x100086c6        0x8 ./startup/startup_mkv56f24.o
                0x100086c6                ENC_INDEX_IRQHandler
 .text.CMP2_IRQHandler
                0x100086ce        0x8 ./startup/startup_mkv56f24.o
                0x100086ce                CMP2_IRQHandler
 .text.FTM3_IRQHandler
                0x100086d6        0x8 ./startup/startup_mkv56f24.o
                0x100086d6                FTM3_IRQHandler
 .text.Reserved88_IRQHandler
                0x100086de        0x8 ./startup/startup_mkv56f24.o
                0x100086de                Reserved88_IRQHandler
 .text.HSADC0_CCB_IRQHandler
                0x100086e6        0x8 ./startup/startup_mkv56f24.o
                0x100086e6                HSADC0_CCB_IRQHandler
 .text.HSADC1_CCA_IRQHandler
                0x100086ee        0x8 ./startup/startup_mkv56f24.o
                0x100086ee                HSADC1_CCA_IRQHandler
 .text.CAN0_Bus_Off_IRQHandler
                0x100086f6        0x8 ./startup/startup_mkv56f24.o
                0x100086f6                CAN0_Bus_Off_IRQHandler
 .text.CAN0_Error_IRQHandler
                0x100086fe        0x8 ./startup/startup_mkv56f24.o
                0x100086fe                CAN0_Error_IRQHandler
 .text.CAN0_Tx_Warning_IRQHandler
                0x10008706        0x8 ./startup/startup_mkv56f24.o
                0x10008706                CAN0_Tx_Warning_IRQHandler
 .text.CAN0_Rx_Warning_IRQHandler
                0x1000870e        0x8 ./startup/startup_mkv56f24.o
                0x1000870e                CAN0_Rx_Warning_IRQHandler
 .text.CAN0_Wake_Up_IRQHandler
                0x10008716        0x8 ./startup/startup_mkv56f24.o
                0x10008716                CAN0_Wake_Up_IRQHandler
 .text.PWM0_CMP0_IRQHandler
                0x1000871e        0x8 ./startup/startup_mkv56f24.o
                0x1000871e                PWM0_CMP0_IRQHandler
 .text.PWM0_RELOAD0_IRQHandler
                0x10008726        0x8 ./startup/startup_mkv56f24.o
                0x10008726                PWM0_RELOAD0_IRQHandler
 .text.PWM0_CMP1_IRQHandler
                0x1000872e        0x8 ./startup/startup_mkv56f24.o
                0x1000872e                PWM0_CMP1_IRQHandler
 .text.PWM0_RELOAD1_IRQHandler
                0x10008736        0x8 ./startup/startup_mkv56f24.o
                0x10008736                PWM0_RELOAD1_IRQHandler
 .text.PWM0_CMP2_IRQHandler
                0x1000873e        0x8 ./startup/startup_mkv56f24.o
                0x1000873e                PWM0_CMP2_IRQHandler
 .text.PWM0_RELOAD2_IRQHandler
                0x10008746        0x8 ./startup/startup_mkv56f24.o
                0x10008746                PWM0_RELOAD2_IRQHandler
 .text.PWM0_CMP3_IRQHandler
                0x1000874e        0x8 ./startup/startup_mkv56f24.o
                0x1000874e                PWM0_CMP3_IRQHandler
 .text.PWM0_RELOAD3_IRQHandler
                0x10008756        0x8 ./startup/startup_mkv56f24.o
                0x10008756                PWM0_RELOAD3_IRQHandler
 .text.PWM0_CAP_IRQHandler
                0x1000875e        0x8 ./startup/startup_mkv56f24.o
                0x1000875e                PWM0_CAP_IRQHandler
 .text.PWM0_RERR_IRQHandler
                0x10008766        0x8 ./startup/startup_mkv56f24.o
                0x10008766                PWM0_RERR_IRQHandler
 .text.PWM0_FAULT_IRQHandler
                0x1000876e        0x8 ./startup/startup_mkv56f24.o
                0x1000876e                PWM0_FAULT_IRQHandler
 .text.CMP3_IRQHandler
                0x10008776        0x8 ./startup/startup_mkv56f24.o
                0x10008776                CMP3_IRQHandler
 .text.HSADC1_CCB_IRQHandler
                0x1000877e        0x8 ./startup/startup_mkv56f24.o
                0x1000877e                HSADC1_CCB_IRQHandler
 .text.CAN1_ORed_Message_buffer_IRQHandler
                0x10008786        0x8 ./startup/startup_mkv56f24.o
                0x10008786                CAN1_ORed_Message_buffer_IRQHandler
 .text.CAN1_Bus_Off_IRQHandler
                0x1000878e        0x8 ./startup/startup_mkv56f24.o
                0x1000878e                CAN1_Bus_Off_IRQHandler
 .text.CAN1_Error_IRQHandler
                0x10008796        0x8 ./startup/startup_mkv56f24.o
                0x10008796                CAN1_Error_IRQHandler
 .text.CAN1_Tx_Warning_IRQHandler
                0x1000879e        0x8 ./startup/startup_mkv56f24.o
                0x1000879e                CAN1_Tx_Warning_IRQHandler
 .text.CAN1_Rx_Warning_IRQHandler
                0x100087a6        0x8 ./startup/startup_mkv56f24.o
                0x100087a6                CAN1_Rx_Warning_IRQHandler
 .text.CAN1_Wake_Up_IRQHandler
                0x100087ae        0x8 ./startup/startup_mkv56f24.o
                0x100087ae                CAN1_Wake_Up_IRQHandler
 .text.Reserved116_IRQHandler
                0x100087b6        0x8 ./startup/startup_mkv56f24.o
                0x100087b6                Reserved116_IRQHandler
 .text.Reserved117_IRQHandler
                0x100087be        0x8 ./startup/startup_mkv56f24.o
                0x100087be                Reserved117_IRQHandler
 .text.Reserved118_IRQHandler
                0x100087c6        0x8 ./startup/startup_mkv56f24.o
                0x100087c6                Reserved118_IRQHandler
 .text.Reserved119_IRQHandler
                0x100087ce        0x8 ./startup/startup_mkv56f24.o
                0x100087ce                Reserved119_IRQHandler
 .text.PWM1_CMP0_IRQHandler
                0x100087d6        0x8 ./startup/startup_mkv56f24.o
                0x100087d6                PWM1_CMP0_IRQHandler
 .text.PWM1_RELOAD0_IRQHandler
                0x100087de        0x8 ./startup/startup_mkv56f24.o
                0x100087de                PWM1_RELOAD0_IRQHandler
 .text.PWM1_CMP1_IRQHandler
                0x100087e6        0x8 ./startup/startup_mkv56f24.o
                0x100087e6                PWM1_CMP1_IRQHandler
 .text.PWM1_RELOAD1_IRQHandler
                0x100087ee        0x8 ./startup/startup_mkv56f24.o
                0x100087ee                PWM1_RELOAD1_IRQHandler
 .text.PWM1_CMP2_IRQHandler
                0x100087f6        0x8 ./startup/startup_mkv56f24.o
                0x100087f6                PWM1_CMP2_IRQHandler
 .text.PWM1_RELOAD2_IRQHandler
                0x100087fe        0x8 ./startup/startup_mkv56f24.o
                0x100087fe                PWM1_RELOAD2_IRQHandler
 .text.PWM1_CMP3_IRQHandler
                0x10008806        0x8 ./startup/startup_mkv56f24.o
                0x10008806                PWM1_CMP3_IRQHandler
 .text.PWM1_RELOAD3_IRQHandler
                0x1000880e        0x8 ./startup/startup_mkv56f24.o
                0x1000880e                PWM1_RELOAD3_IRQHandler
 .text.PWM1_CAP_IRQHandler
                0x10008816        0x8 ./startup/startup_mkv56f24.o
                0x10008816                PWM1_CAP_IRQHandler
 .text.PWM1_RERR_IRQHandler
                0x1000881e        0x8 ./startup/startup_mkv56f24.o
                0x1000881e                PWM1_RERR_IRQHandler
 .text.PWM1_FAULT_IRQHandler
                0x10008826        0x8 ./startup/startup_mkv56f24.o
                0x10008826                PWM1_FAULT_IRQHandler
 .text.FusionVectorSubtract
                0x1000882e       0x9c ./source/tasks/task_fusion.o
 .text.FusionVectorHadamardProduct
                0x100088ca       0x9c ./source/tasks/task_fusion.o
 .text.FusionMatrixMultiplyVector
                0x10008966       0xf0 ./source/tasks/task_fusion.o
 .text.FusionQuaternionToEuler
                0x10008a56      0x14c ./source/tasks/task_fusion.o
 .text.FusionCalibrationInertial
                0x10008ba2      0x15a ./source/tasks/task_fusion.o
 .text.FusionCalibrationMagnetic
                0x10008cfc       0xfe ./source/tasks/task_fusion.o
 .text.FusionVectorIsZero
                0x10008dfa       0x60 ./source/fusion/FusionAhrs.o
 .text.FusionVectorAdd
                0x10008e5a       0x9c ./source/fusion/FusionAhrs.o
 .text.FusionVectorSum
                0x10008ef6       0x40 ./source/fusion/FusionAhrs.o
 .text.FusionVectorMultiplyScalar
                0x10008f36       0x88 ./source/fusion/FusionAhrs.o
 .text.FusionVectorHadamardProduct
                0x10008fbe       0x9c ./source/fusion/FusionAhrs.o
 .text.FusionVectorCrossProduct
                0x1000905a       0xcc ./source/fusion/FusionAhrs.o
 .text.FusionVectorDotProduct
                0x10009126       0xac ./source/fusion/FusionAhrs.o
 .text.FusionVectorMagnitudeSquared
                0x100091d2       0x94 ./source/fusion/FusionAhrs.o
 .text.FusionVectorNormalise
                0x10009266       0xa6 ./source/fusion/FusionAhrs.o
 .text.FusionQuaternionAdd
                0x1000930c       0xc4 ./source/fusion/FusionAhrs.o
 .text.FusionQuaternionMultiply
                0x100093d0      0x184 ./source/fusion/FusionAhrs.o
 .text.FusionQuaternionMultiplyVector
                0x10009554      0x140 ./source/fusion/FusionAhrs.o
 .text.FusionQuaternionNormalise
                0x10009694       0xea ./source/fusion/FusionAhrs.o
 .text.HalfGravity
                0x1000977e      0x17a ./source/fusion/FusionAhrs.o
 .text.HalfMagnetic
                0x100098f8      0x214 ./source/fusion/FusionAhrs.o
 .text.Feedback
                0x10009b0c      0x16a ./source/fusion/FusionAhrs.o
 .text.Clamp    0x10009c76       0x32 ./source/fusion/FusionAhrs.o
 .text.FusionAhrsGetQuaternion
                0x10009ca8       0x46 ./source/fusion/FusionAhrs.o
                0x10009ca8                FusionAhrsGetQuaternion
 .text.FusionAhrsGetEarthAcceleration
                0x10009cee      0x234 ./source/fusion/FusionAhrs.o
                0x10009cee                FusionAhrsGetEarthAcceleration
 .text.FusionAhrsSetHeading
                0x10009f22      0x12c ./source/fusion/FusionAhrs.o
                0x10009f22                FusionAhrsSetHeading
 .text.FusionAhrsUpdate
                0x1000a04e      0x736 ./source/fusion/FusionAhrs.o
                0x1000a04e                FusionAhrsUpdate
 .text.FusionVectorAdd
                0x1000a784       0x9c ./source/fusion/FusionOffset.o
 .text.FusionVectorSubtract
                0x1000a820       0x9c ./source/fusion/FusionOffset.o
 .text.FusionVectorMultiplyScalar
                0x1000a8bc       0x88 ./source/fusion/FusionOffset.o
 .text.FusionOffsetUpdate
                0x1000a944      0x1c4 ./source/fusion/FusionOffset.o
                0x1000a944                FusionOffsetUpdate
 .text.FLEXCAN_GetMbStatusFlags
                0x1000ab08       0x1e ./source/drivers/flexcan0_drv.o
 .text.FLEXCAN_ClearMbStatusFlags
                0x1000ab26       0x1c ./source/drivers/flexcan0_drv.o
 .text.PIT_ClearStatusFlags
                0x1000ab42       0x2a ./source/drivers/pit_drv.o
 .text.HardFault_Handler
                0x1000ab6c       0x36 ./source/semihost_hardfault.o
                0x1000ab6c                HardFault_Handler
 .text.xEventGroupCreate
                0x1000aba2       0x2e ./freertos/freertos_kernel/event_groups.o
                0x1000aba2                xEventGroupCreate
 .text.xEventGroupSetBits
                0x1000abd0      0x118 ./freertos/freertos_kernel/event_groups.o
                0x1000abd0                xEventGroupSetBits
 .text.vEventGroupDelete
                0x1000ace8       0x64 ./freertos/freertos_kernel/event_groups.o
                0x1000ace8                vEventGroupDelete
 .text.vEventGroupSetBitsCallback
                0x1000ad4c       0x1a ./freertos/freertos_kernel/event_groups.o
                0x1000ad4c                vEventGroupSetBitsCallback
 .text.vListInitialise
                0x1000ad66       0x40 ./freertos/freertos_kernel/list.o
                0x1000ad66                vListInitialise
 .text.vListInitialiseItem
                0x1000ada6       0x1a ./freertos/freertos_kernel/list.o
                0x1000ada6                vListInitialiseItem
 .text.vListInsertEnd
                0x1000adc0       0x48 ./freertos/freertos_kernel/list.o
                0x1000adc0                vListInsertEnd
 .text.vListInsert
                0x1000ae08       0x72 ./freertos/freertos_kernel/list.o
                0x1000ae08                vListInsert
 .text.uxListRemove
                0x1000ae7a       0x54 ./freertos/freertos_kernel/list.o
                0x1000ae7a                uxListRemove
 .text.xQueueGenericCreate
                0x1000aece       0x6e ./freertos/freertos_kernel/queue.o
                0x1000aece                xQueueGenericCreate
 .text.prvInitialiseNewQueue
                0x1000af3c       0x46 ./freertos/freertos_kernel/queue.o
 .text.prvInitialiseMutex
                0x1000af82       0x34 ./freertos/freertos_kernel/queue.o
 .text.xQueueCreateMutex
                0x1000afb6       0x30 ./freertos/freertos_kernel/queue.o
                0x1000afb6                xQueueCreateMutex
 .text.xQueueGenericSendFromISR
                0x1000afe6      0x13c ./freertos/freertos_kernel/queue.o
                0x1000afe6                xQueueGenericSendFromISR
 .text.xQueueReceiveFromISR
                0x1000b122      0x104 ./freertos/freertos_kernel/queue.o
                0x1000b122                xQueueReceiveFromISR
 .text.vQueueDelete
                0x1000b226       0x3e ./freertos/freertos_kernel/queue.o
                0x1000b226                vQueueDelete
 .text.prvGetDisinheritPriorityAfterTimeout
                0x1000b264       0x30 ./freertos/freertos_kernel/queue.o
 .text.prvCopyDataToQueue
                0x1000b294       0xd4 ./freertos/freertos_kernel/queue.o
 .text.prvCopyDataFromQueue
                0x1000b368       0x4c ./freertos/freertos_kernel/queue.o
 .text.prvUnlockQueue
                0x1000b3b4       0xa4 ./freertos/freertos_kernel/queue.o
 .text.prvIsQueueEmpty
                0x1000b458       0x2c ./freertos/freertos_kernel/queue.o
 .text.prvIsQueueFull
                0x1000b484       0x30 ./freertos/freertos_kernel/queue.o
 .text.vQueueWaitForMessageRestricted
                0x1000b4b4       0x68 ./freertos/freertos_kernel/queue.o
                0x1000b4b4                vQueueWaitForMessageRestricted
 .text.xTaskCreate
                0x1000b51c       0x82 ./freertos/freertos_kernel/tasks.o
                0x1000b51c                xTaskCreate
 .text.prvInitialiseNewTask
                0x1000b59e      0x13e ./freertos/freertos_kernel/tasks.o
 .text.prvDeleteTCB
                0x1000b6dc       0x20 ./freertos/freertos_kernel/tasks.o
 .text.prvTimerTask
                0x1000b6fc       0x26 ./freertos/freertos_kernel/timers.o
 .text.UART_EnableTx
                0x1000b722       0x40 ./drivers/freertos/fsl_uart_freertos.o
 .text.UART_EnableRx
                0x1000b762       0x40 ./drivers/freertos/fsl_uart_freertos.o
 .text.OSC_SetExtRefClkConfig
                0x1000b7a2       0x40 ./drivers/fsl_clock.o
 .text.OSC_SetCapLoad
                0x1000b7e2       0x34 ./drivers/fsl_clock.o
 .text.CLOCK_GetPll0RefFreq
                0x1000b816        0xe ./drivers/fsl_clock.o
 .text.CLOCK_GetFixedFreqClkFreq
                0x1000b824       0x34 ./drivers/fsl_clock.o
                0x1000b824                CLOCK_GetFixedFreqClkFreq
 .text.CLOCK_SetExternalRefClkConfig
                0x1000b858       0x18 ./drivers/fsl_clock.o
                0x1000b858                CLOCK_SetExternalRefClkConfig
 .text.DSPI_IsMaster
                0x1000b870       0x26 ./drivers/fsl_dspi.o
 .text.FLEXCAN_Enable
                0x1000b896       0x54 ./drivers/fsl_flexcan.o
 .text.FLEXCAN_EnterFreezeMode
                0x1000b8ea       0x3c ./drivers/fsl_flexcan.o
                0x1000b8ea                FLEXCAN_EnterFreezeMode
 .text.FLEXCAN_ExitFreezeMode
                0x1000b926       0x3c ./drivers/fsl_flexcan.o
                0x1000b926                FLEXCAN_ExitFreezeMode
 .text.FLEXCAN_IsMbOccupied
                0x1000b962       0x52 ./drivers/fsl_flexcan.o
 .text.FTM_ClearStatusFlags
                0x1000b9b4       0x68 ./drivers/fsl_ftm.o
                0x1000b9b4                FTM_ClearStatusFlags
 .text.SMC_SetPowerModeHsrun
                0x1000ba1c       0x32 ./drivers/fsl_smc.o
                0x1000ba1c                SMC_SetPowerModeHsrun
 .text.EnableIRQ
                0x1000ba4e       0x2c ./drivers/fsl_uart.o
 .text.UART_GetStatusFlags
                0x1000ba7a       0x48 ./drivers/fsl_uart.o
                0x1000ba7a                UART_GetStatusFlags
 .text.UART_ClearStatusFlags
                0x1000bac2       0x80 ./drivers/fsl_uart.o
                0x1000bac2                UART_ClearStatusFlags
 .text.UART_WriteBlocking
                0x1000bb42       0x50 ./drivers/fsl_uart.o
                0x1000bb42                UART_WriteBlocking
 .text.UART0_RX_TX_DriverIRQHandler
                0x1000bb92       0x12 ./drivers/fsl_uart.o
                0x1000bb92                UART0_RX_TX_DriverIRQHandler
 .text.UART1_RX_TX_DriverIRQHandler
                0x1000bba4       0x12 ./drivers/fsl_uart.o
                0x1000bba4                UART1_RX_TX_DriverIRQHandler
 .text.UART2_RX_TX_DriverIRQHandler
                0x1000bbb6       0x12 ./drivers/fsl_uart.o
                0x1000bbb6                UART2_RX_TX_DriverIRQHandler
 .text.UART3_RX_TX_DriverIRQHandler
                0x1000bbc8       0x12 ./drivers/fsl_uart.o
                0x1000bbc8                UART3_RX_TX_DriverIRQHandler
 .text.UART4_RX_TX_DriverIRQHandler
                0x1000bbda       0x12 ./drivers/fsl_uart.o
                0x1000bbda                UART4_RX_TX_DriverIRQHandler
 .text.UART5_RX_TX_DriverIRQHandler
                0x1000bbec       0x12 ./drivers/fsl_uart.o
                0x1000bbec                UART5_RX_TX_DriverIRQHandler
 .text.SystemInitHook
                0x1000bbfe        0xe ./device/system_MKV56F24.o
                0x1000bbfe                SystemInitHook
 .text.HAL_UartGetStatus
                0x1000bc0c       0x22 ./component/uart/uart_adapter.o
 .text.FTM0_IRQHandler
                0x1000bc2e       0x14 ./component/timer/ftm_adapter.o
                0x1000bc2e                FTM0_IRQHandler
 .text.FTM1_IRQHandler
                0x1000bc42       0x14 ./component/timer/ftm_adapter.o
                0x1000bc42                FTM1_IRQHandler
 .text.FTM2_IRQHandler
                0x1000bc56       0x14 ./component/timer/ftm_adapter.o
                0x1000bc56                FTM2_IRQHandler
 .text.DisableGlobalIRQ
                0x1000bc6a       0x22 ./component/serial_manager/serial_manager.o
 .text.EnableGlobalIRQ
                0x1000bc8c       0x20 ./component/serial_manager/serial_manager.o
 .text.SerialManager_StartWriting
                0x1000bcac       0x38 ./component/serial_manager/serial_manager.o
 .text.SerialManager_WriteBlocking
                0x1000bce4       0x20 ./component/serial_manager/serial_manager.o
                0x1000bce4                SerialManager_WriteBlocking
 .text.PORTA_IRQHandler
                0x1000bd04       0x14 ./component/gpio/gpio_adapter.o
                0x1000bd04                PORTA_IRQHandler
 .text.PORTB_IRQHandler
                0x1000bd18       0x14 ./component/gpio/gpio_adapter.o
                0x1000bd18                PORTB_IRQHandler
 .text.PORTC_IRQHandler
                0x1000bd2c       0x14 ./component/gpio/gpio_adapter.o
                0x1000bd2c                PORTC_IRQHandler
 .text.PORTD_IRQHandler
                0x1000bd40       0x14 ./component/gpio/gpio_adapter.o
                0x1000bd40                PORTD_IRQHandler
 .text.PORTE_IRQHandler
                0x1000bd54       0x14 ./component/gpio/gpio_adapter.o
                0x1000bd54                PORTE_IRQHandler
 .text.SMC_SetPowerModeProtection
                0x1000bd68       0x1e ./board/clock_config.o
 .text.SMC_GetPowerModeState
                0x1000bd86       0x1a ./board/clock_config.o
 .text.BOARD_InitBootClocks
                0x1000bda0        0xc ./board/clock_config.o
                0x1000bda0                BOARD_InitBootClocks
 .text.EnableIRQ
                0x1000bdac       0x2c ./board/peripherals.o
 .text.FLEXCAN_EnableMbInterrupts
                0x1000bdd8       0x22 ./board/peripherals.o
 .text.PIT_EnableInterrupts
                0x1000bdfa       0x3a ./board/peripherals.o
 .text.PIT_SetTimerPeriod
                0x1000be34       0x28 ./board/peripherals.o
 .text.PIT_StartTimer
                0x1000be5c       0x38 ./board/peripherals.o
 .text.GPIOB_init
                0x1000be94        0xe ./board/peripherals.o
 .text.BOARD_InitPeripherals
                0x1000bea2       0x28 ./board/peripherals.o
                0x1000bea2                BOARD_InitPeripherals
 .text.BOARD_InitBootPeripherals
                0x1000beca        0xc ./board/peripherals.o
                0x1000beca                BOARD_InitBootPeripherals
 .text.PORT_SetPinMux
                0x1000bed6       0x3a ./board/pin_mux.o
 .text.BOARD_InitBootPins
                0x1000bf10        0xc ./board/pin_mux.o
                0x1000bf10                BOARD_InitBootPins
 .text.__main   0x1000bf1c        0xe C:/nxp/MCUXpressoIDE_25.6.136/ide/plugins/com.nxp.mcuxpresso.tools.win32_25.6.0.202501151204/tools/bin/../lib/gcc/arm-none-eabi/14.2.1/../../../../arm-none-eabi/lib/thumb/v7e-m+fp/hard\libcr_nohost_nf.a(_cr__main.o)
                0x1000bf1c                __main
 .text.__sys_appexit
                0x1000bf2a        0x2 C:/nxp/MCUXpressoIDE_25.6.136/ide/plugins/com.nxp.mcuxpresso.tools.win32_25.6.0.202501151204/tools/bin/../lib/gcc/arm-none-eabi/14.2.1/../../../../arm-none-eabi/lib/thumb/v7e-m+fp/hard\libcr_nohost_nf.a(__sys_appexit.o)
                0x1000bf2a                __sys_appexit
                0x1000bf2a                __exit
 .text.asinf    0x1000bf2c        0x6 C:/nxp/MCUXpressoIDE_25.6.136/ide/plugins/com.nxp.mcuxpresso.tools.win32_25.6.0.202501151204/tools/bin/../lib/gcc/arm-none-eabi/14.2.1/../../../../arm-none-eabi/lib/thumb/v7e-m+fp/hard\libcr_c.a(asinf.o)
                0x1000bf2c                asinf
 .text.fabsf    0x1000bf32       0x10 C:/nxp/MCUXpressoIDE_25.6.136/ide/plugins/com.nxp.mcuxpresso.tools.win32_25.6.0.202501151204/tools/bin/../lib/gcc/arm-none-eabi/14.2.1/../../../../arm-none-eabi/lib/thumb/v7e-m+fp/hard\libcr_c.a(fabsf.o)
                0x1000bf32                fabsf
 .text.sinf     0x1000bf42       0x26 C:/nxp/MCUXpressoIDE_25.6.136/ide/plugins/com.nxp.mcuxpresso.tools.win32_25.6.0.202501151204/tools/bin/../lib/gcc/arm-none-eabi/14.2.1/../../../../arm-none-eabi/lib/thumb/v7e-m+fp/hard\libcr_c.a(sinf.o)
                0x1000bf42                sinf
 .text.sqrtf    0x1000bf68        0x6 C:/nxp/MCUXpressoIDE_25.6.136/ide/plugins/com.nxp.mcuxpresso.tools.win32_25.6.0.202501151204/tools/bin/../lib/gcc/arm-none-eabi/14.2.1/../../../../arm-none-eabi/lib/thumb/v7e-m+fp/hard\libcr_c.a(sqrtf_m4_hardfp.o)
                0x1000bf68                sqrtf
 .text.memcpy   0x1000bf6e        0x4 C:/nxp/MCUXpressoIDE_25.6.136/ide/plugins/com.nxp.mcuxpresso.tools.win32_25.6.0.202501151204/tools/bin/../lib/gcc/arm-none-eabi/14.2.1/../../../../arm-none-eabi/lib/thumb/v7e-m+fp/hard\libcr_c.a(memcpy.o)
                0x1000bf6e                memcpy
 .text.memset   0x1000bf72        0x4 C:/nxp/MCUXpressoIDE_25.6.136/ide/plugins/com.nxp.mcuxpresso.tools.win32_25.6.0.202501151204/tools/bin/../lib/gcc/arm-none-eabi/14.2.1/../../../../arm-none-eabi/lib/thumb/v7e-m+fp/hard\libcr_c.a(memset.o)
                0x1000bf72                memset
 .text._deferredlazyseek
                0x1000bf76       0x40 C:/nxp/MCUXpressoIDE_25.6.136/ide/plugins/com.nxp.mcuxpresso.tools.win32_25.6.0.202501151204/tools/bin/../lib/gcc/arm-none-eabi/14.2.1/../../../../arm-none-eabi/lib/thumb/v7e-m+fp/hard\libcr_c.a(_deferredlazyseek.o)
                0x1000bf76                _deferredlazyseek
 .text.__flsbuf
                0x1000bfb6      0x12a C:/nxp/MCUXpressoIDE_25.6.136/ide/plugins/com.nxp.mcuxpresso.tools.win32_25.6.0.202501151204/tools/bin/../lib/gcc/arm-none-eabi/14.2.1/../../../../arm-none-eabi/lib/thumb/v7e-m+fp/hard\libcr_c.a(_deferredlazyseek.o)
                0x1000bfb6                __flsbuf
 .text._fflush  0x1000c0e0       0x52 C:/nxp/MCUXpressoIDE_25.6.136/ide/plugins/com.nxp.mcuxpresso.tools.win32_25.6.0.202501151204/tools/bin/../lib/gcc/arm-none-eabi/14.2.1/../../../../arm-none-eabi/lib/thumb/v7e-m+fp/hard\libcr_c.a(_fflush.o)
                0x1000c0e0                _fflush
 .text.free     0x1000c132       0x30 C:/nxp/MCUXpressoIDE_25.6.136/ide/plugins/com.nxp.mcuxpresso.tools.win32_25.6.0.202501151204/tools/bin/../lib/gcc/arm-none-eabi/14.2.1/../../../../arm-none-eabi/lib/thumb/v7e-m+fp/hard\libcr_c.a(alloc.o)
                0x1000c132                free
 .text.fputs    0x1000c162       0x2c C:/nxp/MCUXpressoIDE_25.6.136/ide/plugins/com.nxp.mcuxpresso.tools.win32_25.6.0.202501151204/tools/bin/../lib/gcc/arm-none-eabi/14.2.1/../../../../arm-none-eabi/lib/thumb/v7e-m+fp/hard\libcr_c.a(fputs.o)
                0x1000c162                fputs
 .text.setvbuf  0x1000c18e       0x3e C:/nxp/MCUXpressoIDE_25.6.136/ide/plugins/com.nxp.mcuxpresso.tools.win32_25.6.0.202501151204/tools/bin/../lib/gcc/arm-none-eabi/14.2.1/../../../../arm-none-eabi/lib/thumb/v7e-m+fp/hard\libcr_c.a(setvbuf.o)
                0x1000c18e                setvbuf
 .text.strlen   0x1000c1cc       0x4e C:/nxp/MCUXpressoIDE_25.6.136/ide/plugins/com.nxp.mcuxpresso.tools.win32_25.6.0.202501151204/tools/bin/../lib/gcc/arm-none-eabi/14.2.1/../../../../arm-none-eabi/lib/thumb/v7e-m+fp/hard\libcr_c.a(strlen.o)
                0x1000c1cc                strlen
 .text._fdopen  0x1000c21a       0x68 C:/nxp/MCUXpressoIDE_25.6.136/ide/plugins/com.nxp.mcuxpresso.tools.win32_25.6.0.202501151204/tools/bin/../lib/gcc/arm-none-eabi/14.2.1/../../../../arm-none-eabi/lib/thumb/v7e-m+fp/hard\libcr_c.a(_fdopen.o)
                0x1000c21a                _fdopen
 .text.fclose   0x1000c282       0x58 C:/nxp/MCUXpressoIDE_25.6.136/ide/plugins/com.nxp.mcuxpresso.tools.win32_25.6.0.202501151204/tools/bin/../lib/gcc/arm-none-eabi/14.2.1/../../../../arm-none-eabi/lib/thumb/v7e-m+fp/hard\libcr_c.a(fclose.o)
                0x1000c282                fclose
 .text.remove   0x1000c2da       0x14 C:/nxp/MCUXpressoIDE_25.6.136/ide/plugins/com.nxp.mcuxpresso.tools.win32_25.6.0.202501151204/tools/bin/../lib/gcc/arm-none-eabi/14.2.1/../../../../arm-none-eabi/lib/thumb/v7e-m+fp/hard\libcr_c.a(remove.o)
                0x1000c2da                remove
 .text._do_fflush
                0x1000c2ee       0x40 C:/nxp/MCUXpressoIDE_25.6.136/ide/plugins/com.nxp.mcuxpresso.tools.win32_25.6.0.202501151204/tools/bin/../lib/gcc/arm-none-eabi/14.2.1/../../../../arm-none-eabi/lib/thumb/v7e-m+fp/hard\libcr_c.a(_do_fflush.o)
                0x1000c2ee                _do_fflush
 .text.__aeabi_d2iz
                0x1000c32e       0x42 C:/nxp/MCUXpressoIDE_25.6.136/ide/plugins/com.nxp.mcuxpresso.tools.win32_25.6.0.202501151204/tools/bin/../lib/gcc/arm-none-eabi/14.2.1/thumb/v7e-m+fp/hard\libcr_eabihelpers.a(double.o)
                0x1000c32e                __aeabi_d2iz
 .text.__aeabi_dcmple
                0x1000c370       0x54 C:/nxp/MCUXpressoIDE_25.6.136/ide/plugins/com.nxp.mcuxpresso.tools.win32_25.6.0.202501151204/tools/bin/../lib/gcc/arm-none-eabi/14.2.1/thumb/v7e-m+fp/hard\libcr_eabihelpers.a(double.o)
                0x1000c370                __aeabi_dcmple
 .text.__aeabi_dcmpge
                0x1000c3c4       0x5a C:/nxp/MCUXpressoIDE_25.6.136/ide/plugins/com.nxp.mcuxpresso.tools.win32_25.6.0.202501151204/tools/bin/../lib/gcc/arm-none-eabi/14.2.1/thumb/v7e-m+fp/hard\libcr_eabihelpers.a(double.o)
                0x1000c3c4                __aeabi_dcmpge
 .text.__aeabi_memcpy
                0x1000c41e       0x34 C:/nxp/MCUXpressoIDE_25.6.136/ide/plugins/com.nxp.mcuxpresso.tools.win32_25.6.0.202501151204/tools/bin/../lib/gcc/arm-none-eabi/14.2.1/thumb/v7e-m+fp/hard\libcr_eabihelpers.a(memcpy.o)
                0x1000c41e                __aeabi_memcpy
                0x1000c428                __aeabi_memcpy8
                0x1000c428                __aeabi_memcpy4
 .text.__aeabi_memset_lowlevel
                0x1000c452       0x32 C:/nxp/MCUXpressoIDE_25.6.136/ide/plugins/com.nxp.mcuxpresso.tools.win32_25.6.0.202501151204/tools/bin/../lib/gcc/arm-none-eabi/14.2.1/thumb/v7e-m+fp/hard\libcr_eabihelpers.a(memcpy.o)
                0x1000c452                __aeabi_lowlevel_memset
 .text.__sys_close
                0x1000c484        0x6 C:/nxp/MCUXpressoIDE_25.6.136/ide/plugins/com.nxp.mcuxpresso.tools.win32_25.6.0.202501151204/tools/bin/../lib/gcc/arm-none-eabi/14.2.1/../../../../arm-none-eabi/lib/thumb/v7e-m+fp/hard\libcr_nohost_nf.a(__sys_close.o)
                0x1000c484                __sys_close
 .text.__sys_flen
                0x1000c48a        0x6 C:/nxp/MCUXpressoIDE_25.6.136/ide/plugins/com.nxp.mcuxpresso.tools.win32_25.6.0.202501151204/tools/bin/../lib/gcc/arm-none-eabi/14.2.1/../../../../arm-none-eabi/lib/thumb/v7e-m+fp/hard\libcr_nohost_nf.a(__sys_flen.o)
                0x1000c48a                __sys_flen
 .text.__sys_istty
                0x1000c490        0x6 C:/nxp/MCUXpressoIDE_25.6.136/ide/plugins/com.nxp.mcuxpresso.tools.win32_25.6.0.202501151204/tools/bin/../lib/gcc/arm-none-eabi/14.2.1/../../../../arm-none-eabi/lib/thumb/v7e-m+fp/hard\libcr_nohost_nf.a(__sys_istty.o)
                0x1000c490                __sys_istty
 .text.__sys_remove
                0x1000c496        0x6 C:/nxp/MCUXpressoIDE_25.6.136/ide/plugins/com.nxp.mcuxpresso.tools.win32_25.6.0.202501151204/tools/bin/../lib/gcc/arm-none-eabi/14.2.1/../../../../arm-none-eabi/lib/thumb/v7e-m+fp/hard\libcr_nohost_nf.a(__sys_remove.o)
                0x1000c496                __sys_remove
 .text.__sys_seek
                0x1000c49c        0x6 C:/nxp/MCUXpressoIDE_25.6.136/ide/plugins/com.nxp.mcuxpresso.tools.win32_25.6.0.202501151204/tools/bin/../lib/gcc/arm-none-eabi/14.2.1/../../../../arm-none-eabi/lib/thumb/v7e-m+fp/hard\libcr_nohost_nf.a(__sys_seek.o)
                0x1000c49c                __sys_seek
 .text.__sys_tmpnam
                0x1000c4a2        0x6 C:/nxp/MCUXpressoIDE_25.6.136/ide/plugins/com.nxp.mcuxpresso.tools.win32_25.6.0.202501151204/tools/bin/../lib/gcc/arm-none-eabi/14.2.1/../../../../arm-none-eabi/lib/thumb/v7e-m+fp/hard\libcr_nohost_nf.a(__sys_tmpnam.o)
                0x1000c4a2                __sys_tmpnam
 .text.__sys_write
                0x1000c4a8        0x4 C:/nxp/MCUXpressoIDE_25.6.136/ide/plugins/com.nxp.mcuxpresso.tools.win32_25.6.0.202501151204/tools/bin/../lib/gcc/arm-none-eabi/14.2.1/../../../../arm-none-eabi/lib/thumb/v7e-m+fp/hard\libcr_nohost_nf.a(__sys_write.o)
                0x1000c4a8                __sys_write
 *freertos*/tasks.o(SORT_BY_ALIGNMENT(.rodata*))
 .rodata.vTaskStartScheduler.str1.4
                0x1000c4ac        0x5 ./freertos/freertos_kernel/tasks.o
 *(SORT_BY_ALIGNMENT(.rodata) SORT_BY_ALIGNMENT(.rodata.*) SORT_BY_ALIGNMENT(.constdata) SORT_BY_ALIGNMENT(.constdata.*))
 *fill*         0x1000c4ac        0x4 ff
 .rodata.a1.0   0x1000c4b0       0x88 C:/nxp/MCUXpressoIDE_25.6.136/ide/plugins/com.nxp.mcuxpresso.tools.win32_25.6.0.202501151204/tools/bin/../lib/gcc/arm-none-eabi/14.2.1/../../../../arm-none-eabi/lib/thumb/v7e-m+fp/hard\libcr_c.a(powf.o)
 .rodata.DbgConsole_SendDataReliable.str1.4
                0x1000c538      0xc48 ./utilities/fsl_debug_console.o
                                 0x4d (size before relaxing)
 .rodata.DbgConsole_Init.str1.4
                0x1000d180       0x86 ./utilities/fsl_debug_console.o
 .rodata.TaskCANopen_Init.str1.4
                0x1000d180        0xd ./source/tasks/task_canopen.o
 .rodata.gyroscopeMisalignment
                0x1000d180       0x24 ./source/tasks/task_fusion.o
 .rodata.gyroscopeSensitivity
                0x1000d1a4        0xc ./source/tasks/task_fusion.o
 .rodata.gyroscopeOffset
                0x1000d1b0        0xc ./source/tasks/task_fusion.o
 .rodata.accelerometerMisalignment
                0x1000d1bc       0x24 ./source/tasks/task_fusion.o
 .rodata.accelerometerSensitivity
                0x1000d1e0        0xc ./source/tasks/task_fusion.o
 .rodata.accelerometerOffset
                0x1000d1ec        0xc ./source/tasks/task_fusion.o
 .rodata.softIronMatrix
                0x1000d1f8       0x24 ./source/tasks/task_fusion.o
 .rodata.hardIronOffset
                0x1000d21c        0xc ./source/tasks/task_fusion.o
 .rodata.TaskFusion_Init.str1.4
                0x1000d228        0xc ./source/tasks/task_fusion.o
 .rodata.settings.0
                0x1000d228       0x18 ./source/tasks/task_fusion.o
 .rodata.TaskIMU_Init.str1.4
                0x1000d240        0x9 ./source/tasks/task_imu.o
 .rodata        0x1000d240       0x18 ./source/fusion/FusionAhrs.o
 .rodata.main.str1.4
                0x1000d258        0xe ./source/kfx_backpan_fusion.o
 .rodata.xTimerCreateTimerTask.str1.4
                0x1000d258        0x8 ./freertos/freertos_kernel/timers.o
 .rodata.prvCheckForValidListAndQueue.str1.4
                0x1000d258        0x5 ./freertos/freertos_kernel/timers.o
 .rodata.CLOCK_GetMcgExtClkFreq.str1.4
                0x1000d258       0x24 ./drivers/fsl_clock.o
 .rodata.CLOCK_GetOsc0ErClkUndivFreq.str1.4
                0x1000d258       0x1e ./drivers/fsl_clock.o
 .rodata.CLOCK_GetOsc0ErClkDivFreq.str1.4
                0x1000d258       0x1e ./drivers/fsl_clock.o
 .rodata.CLOCK_GetPll0Freq.str1.4
                0x1000d258       0x1d ./drivers/fsl_clock.o
 .rodata.CLOCK_EnablePll0.str1.4
                0x1000d258       0x19 ./drivers/fsl_clock.o
 .rodata.CLOCK_SetPbeMode.str1.4
                0x1000d258       0x1a ./drivers/fsl_clock.o
 .rodata.CLOCK_BootToPeeMode.str1.4
                0x1000d258       0x1a ./drivers/fsl_clock.o
 .rodata.fllFactorTable.1
                0x1000d258       0x10 ./drivers/fsl_clock.o
 .rodata.SPI0_DriverIRQHandler.str1.4
                0x1000d268       0x2a ./drivers/fsl_dspi.o
 .rodata.SPI1_DriverIRQHandler.str1.4
                0x1000d268       0x2a ./drivers/fsl_dspi.o
 .rodata.SPI2_DriverIRQHandler.str1.4
                0x1000d268       0x2a ./drivers/fsl_dspi.o
 .rodata.EDMA_GetChannelStatusFlags.str1.4
                0x1000d268       0x45 ./drivers/fsl_edma.o
 .rodata.EDMA_HandleIRQ.str1.4
                0x1000d268       0x21 ./drivers/fsl_edma.o
 .rodata.s_flexcanBases
                0x1000d268        0x8 ./drivers/fsl_flexcan.o
 .rodata.s_flexcanClock
                0x1000d270        0xc ./drivers/fsl_flexcan.o
 .rodata.FLEXCAN_GetInstance.str1.4
                0x1000d27c       0x3a ./drivers/fsl_flexcan.o
 .rodata.FLEXCAN_Reset.str1.4
                0x1000d27c       0x3a ./drivers/fsl_flexcan.o
 .rodata.FLEXCAN_SetBaudRate.str1.4
                0x1000d27c       0x5d ./drivers/fsl_flexcan.o
 .rodata.FLEXCAN_Init.str1.4
                0x1000d27c       0xad ./drivers/fsl_flexcan.o
 .rodata.FLEXCAN_SetTimingConfig.str1.4
                0x1000d27c       0x25 ./drivers/fsl_flexcan.o
 .rodata.FLEXCAN_SetTxMbConfig.str1.4
                0x1000d27c       0x78 ./drivers/fsl_flexcan.o
 .rodata.FLEXCAN_SetRxMbConfig.str1.4
                0x1000d27c       0xbc ./drivers/fsl_flexcan.o
 .rodata.FLEXCAN_ReadRxMb.str1.4
                0x1000d27c       0xa0 ./drivers/fsl_flexcan.o
 .rodata.CAN0_DriverIRQHandler.str1.4
                0x1000d27c       0x30 ./drivers/fsl_flexcan.o
 .rodata.CAN1_DriverIRQHandler.str1.4
                0x1000d27c       0x30 ./drivers/fsl_flexcan.o
 .rodata.s_portBases
                0x1000d27c       0x14 ./drivers/fsl_gpio.o
 .rodata.s_gpioBases
                0x1000d290       0x14 ./drivers/fsl_gpio.o
 .rodata.GPIO_GetInstance.str1.4
                0x1000d2a4       0x33 ./drivers/fsl_gpio.o
 .rodata.PIT_GetInstance.str1.4
                0x1000d2a4       0x31 ./drivers/fsl_pit.o
 .rodata.PIT_Init.str1.4
                0x1000d2a4       0x1e ./drivers/fsl_pit.o
 .rodata.s_uartBases
                0x1000d2a4       0x18 ./drivers/fsl_uart.o
 .rodata.s_uartIRQ
                0x1000d2bc        0x6 ./drivers/fsl_uart.o
 *fill*         0x1000d2c2        0x2 ff
 .rodata.s_uartClock
                0x1000d2c4       0x18 ./drivers/fsl_uart.o