C:\Users\Lenovo\Documents\MCUXpressoIDE_25.6.136\workspace\kfx_backpan_fusion\drivers/fsl_common.h:552:28:DisableGlobalIRQ	16	static
C:\Users\Lenovo\Documents\MCUXpressoIDE_25.6.136\workspace\kfx_backpan_fusion\drivers/fsl_common.h:583:24:EnableGlobalIRQ	24	static
../utilities/fsl_shell.c:221:13:SHELL_WriteBuffer	32	static
../utilities/fsl_shell.c:255:12:SHELL_Sprintf	32	static
../utilities/fsl_shell.c:269:6:SHELL_Task	48	static
../utilities/fsl_shell.c:525:23:SHELL_HelpCommand	48	static
../utilities/fsl_shell.c:545:23:SHELL_ExitCommand	32	static
../utilities/fsl_shell.c:554:13:SHELL_ProcessCommand	304	static
../utilities/fsl_shell.c:655:13:SHELL_GetHistoryCommand	32	static
../utilities/fsl_shell.c:692:13:SHELL_AutoComplete	48	static
../utilities/fsl_shell.c:740:16:SHELL_StringCompare	24	static
../utilities/fsl_shell.c:752:16:SHELL_ParseLine	40	static
../utilities/fsl_shell.c:813:23:SHELL_GetChar	16	static
../utilities/fsl_shell.c:852:16:SHELL_Init	40	static
../utilities/fsl_shell.c:943:16:SHELL_RegisterCommand	24	static
../utilities/fsl_shell.c:957:16:SHELL_UnregisterCommand	16	static
../utilities/fsl_shell.c:969:16:SHELL_Write	40	static
../utilities/fsl_shell.c:1014:5:SHELL_Printf	36	static
