../drivers/fsl_clock.h:694:20:CLOCK_SetEr32kClock	16	static
../drivers/fsl_clock.h:725:20:CLOCK_SetPllFllSelClock	16	static
../drivers/fsl_clock.h:1128:20:OSC_SetExtRefClkConfig	24	static
../drivers/fsl_clock.h:1156:20:OSC_SetCapLoad	24	static
../drivers/fsl_clock.c:192:13:CLOCK_FllStableDelay	16	static
../drivers/fsl_clock.c:212:17:CLOCK_GetMcgExtClkFreq	8	static
../drivers/fsl_clock.c:219:17:CLOCK_GetFllExtRefClkFreq	16	static
../drivers/fsl_clock.c:266:17:CLOCK_GetInternalRefClkSelectFreq	16	static
../drivers/fsl_clock.c:284:17:CLOCK_GetFllRefClkFreq	16	static
../drivers/fsl_clock.c:302:17:CLOCK_GetPll0RefFreq	8	static
../drivers/fsl_clock.c:308:16:CLOCK_GetOscRangeFromFreq	24	static
../drivers/fsl_clock.c:333:10:CLOCK_GetOsc0ErClkUndivFreq	16	static
../drivers/fsl_clock.c:355:10:CLOCK_GetOsc0ErClkDivFreq	16	static
../drivers/fsl_clock.c:378:10:CLOCK_GetEr32kClkFreq	16	static
../drivers/fsl_clock.c:402:10:CLOCK_GetPllFllSelClkFreq	16	static
../drivers/fsl_clock.c:427:10:CLOCK_GetOsc0ErClkFreq	8	static
../drivers/fsl_clock.c:437:10:CLOCK_GetFastPeriphClkFreq	8	static
../drivers/fsl_clock.c:447:10:CLOCK_GetFlashClkFreq	8	static
../drivers/fsl_clock.c:457:10:CLOCK_GetFlexBusClkFreq	8	static
../drivers/fsl_clock.c:467:10:CLOCK_GetBusClkFreq	8	static
../drivers/fsl_clock.c:477:10:CLOCK_GetCoreSysClkFreq	8	static
../drivers/fsl_clock.c:492:10:CLOCK_GetFreq	24	static
../drivers/fsl_clock.c:553:6:CLOCK_SetSimConfig	16	static
../drivers/fsl_clock.c:568:10:CLOCK_GetOutClkFreq	16	static
../drivers/fsl_clock.c:604:10:CLOCK_GetFllFreq	24	static
../drivers/fsl_clock.c:644:10:CLOCK_GetInternalRefClkFreq	16	static
../drivers/fsl_clock.c:669:10:CLOCK_GetFixedFreqClkFreq	16	static
../drivers/fsl_clock.c:695:10:CLOCK_GetPll0Freq	24	static
../drivers/fsl_clock.c:741:10:CLOCK_SetExternalRefClkConfig	16	static
../drivers/fsl_clock.c:765:10:CLOCK_SetInternalRefClkConfig	24	static
../drivers/fsl_clock.c:830:10:CLOCK_CalcPllDiv	48	static
../drivers/fsl_clock.c:943:6:CLOCK_EnablePll0	24	static
../drivers/fsl_clock.c:970:6:CLOCK_SetOsc0MonitorMode	16	static
../drivers/fsl_clock.c:1000:6:CLOCK_SetPll0MonitorMode	24	static
../drivers/fsl_clock.c:1054:10:CLOCK_GetStatusFlags	16	static
../drivers/fsl_clock.c:1094:6:CLOCK_ClearStatusFlags	16	static
../drivers/fsl_clock.c:1113:6:CLOCK_InitOsc0	24	static
../drivers/fsl_clock.c:1136:6:CLOCK_DeinitOsc0	4	static
../drivers/fsl_clock.c:1147:6:CLOCK_SetSlowIrcFreq	16	static
../drivers/fsl_clock.c:1157:6:CLOCK_SetFastIrcFreq	16	static
../drivers/fsl_clock.c:1180:10:CLOCK_TrimInternalRefClk	40	static
../drivers/fsl_clock.c:1266:12:CLOCK_GetMode	32	static
../drivers/fsl_clock.c:1384:10:CLOCK_SetFeiMode	24	static
../drivers/fsl_clock.c:1460:10:CLOCK_SetFeeMode	24	static
../drivers/fsl_clock.c:1554:10:CLOCK_SetFbiMode	24	static
../drivers/fsl_clock.c:1634:10:CLOCK_SetFbeMode	24	static
../drivers/fsl_clock.c:1726:10:CLOCK_SetBlpiMode	4	static
../drivers/fsl_clock.c:1750:10:CLOCK_SetBlpeMode	4	static
../drivers/fsl_clock.c:1784:10:CLOCK_SetPbeMode	16	static
../drivers/fsl_clock.c:1837:10:CLOCK_SetPeeMode	4	static
../drivers/fsl_clock.c:1874:10:CLOCK_ExternalModeToFbeModeQuick	4	static
../drivers/fsl_clock.c:1916:10:CLOCK_InternalModeToFbiModeQuick	4	static
../drivers/fsl_clock.c:1951:10:CLOCK_BootToFeiMode	16	static
../drivers/fsl_clock.c:1971:10:CLOCK_BootToFeeMode	24	static
../drivers/fsl_clock.c:1992:10:CLOCK_BootToBlpiMode	16	static
../drivers/fsl_clock.c:2020:10:CLOCK_BootToBlpeMode	16	static
../drivers/fsl_clock.c:2064:10:CLOCK_BootToPeeMode	16	static
../drivers/fsl_clock.c:2124:10:CLOCK_SetMcgConfig	32	static
