../startup/startup_mkv56f24.c:486:6:data_init	4	static
../startup/startup_mkv56f24.c:495:6:bss_init	0	static
../startup/startup_mkv56f24.c:520:6:ResetISR	8	static
../startup/startup_mkv56f24.c:608:14:NMI_Handler	0	static
../startup/startup_mkv56f24.c:612:14:HardFault_Handler	0	static
../startup/startup_mkv56f24.c:616:14:MemManage_Handler	0	static
../startup/startup_mkv56f24.c:620:14:BusFault_Handler	0	static
../startup/startup_mkv56f24.c:624:14:UsageFault_Handler	0	static
../startup/startup_mkv56f24.c:628:14:SVC_Handler	0	static
../startup/startup_mkv56f24.c:632:14:DebugMon_Handler	0	static
../startup/startup_mkv56f24.c:636:14:PendSV_Handler	0	static
../startup/startup_mkv56f24.c:640:14:SysTick_Handler	0	static
../startup/startup_mkv56f24.c:648:14:IntDefaultHandler	0	static
../startup/startup_mkv56f24.c:658:11:DMA0_DMA16_IRQHandler	8	static
../startup/startup_mkv56f24.c:662:11:DMA1_DMA17_IRQHandler	8	static
../startup/startup_mkv56f24.c:666:11:DMA2_DMA18_IRQHandler	8	static
../startup/startup_mkv56f24.c:670:11:DMA3_DMA19_IRQHandler	8	static
../startup/startup_mkv56f24.c:674:11:DMA4_DMA20_IRQHandler	8	static
../startup/startup_mkv56f24.c:678:11:DMA5_DMA21_IRQHandler	8	static
../startup/startup_mkv56f24.c:682:11:DMA6_DMA22_IRQHandler	8	static
../startup/startup_mkv56f24.c:686:11:DMA7_DMA23_IRQHandler	8	static
../startup/startup_mkv56f24.c:690:11:DMA8_DMA24_IRQHandler	8	static
../startup/startup_mkv56f24.c:694:11:DMA9_DMA25_IRQHandler	8	static
../startup/startup_mkv56f24.c:698:11:DMA10_DMA26_IRQHandler	8	static
../startup/startup_mkv56f24.c:702:11:DMA11_DMA27_IRQHandler	8	static
../startup/startup_mkv56f24.c:706:11:DMA12_DMA28_IRQHandler	8	static
../startup/startup_mkv56f24.c:710:11:DMA13_DMA29_IRQHandler	8	static
../startup/startup_mkv56f24.c:714:11:DMA14_DMA30_IRQHandler	8	static
../startup/startup_mkv56f24.c:718:11:DMA15_DMA31_IRQHandler	8	static
../startup/startup_mkv56f24.c:722:11:DMA_Error_IRQHandler	8	static
../startup/startup_mkv56f24.c:726:11:MCM_IRQHandler	8	static
../startup/startup_mkv56f24.c:730:11:FTFE_IRQHandler	8	static
../startup/startup_mkv56f24.c:734:11:Read_Collision_IRQHandler	8	static
../startup/startup_mkv56f24.c:738:11:PMC_IRQHandler	8	static
../startup/startup_mkv56f24.c:742:11:LLWU_IRQHandler	8	static
../startup/startup_mkv56f24.c:746:11:WDOG_EWM_IRQHandler	8	static
../startup/startup_mkv56f24.c:750:11:TRNG0_IRQHandler	8	static
../startup/startup_mkv56f24.c:754:11:I2C0_IRQHandler	8	static
../startup/startup_mkv56f24.c:758:11:I2C1_IRQHandler	8	static
../startup/startup_mkv56f24.c:762:11:SPI0_IRQHandler	8	static
../startup/startup_mkv56f24.c:766:11:SPI1_IRQHandler	8	static
../startup/startup_mkv56f24.c:770:11:UART5_RX_TX_IRQHandler	8	static
../startup/startup_mkv56f24.c:774:11:UART5_ERR_IRQHandler	8	static
../startup/startup_mkv56f24.c:778:11:Reserved46_IRQHandler	8	static
../startup/startup_mkv56f24.c:782:11:UART0_RX_TX_IRQHandler	8	static
../startup/startup_mkv56f24.c:786:11:UART0_ERR_IRQHandler	8	static
../startup/startup_mkv56f24.c:790:11:UART1_RX_TX_IRQHandler	8	static
../startup/startup_mkv56f24.c:794:11:UART1_ERR_IRQHandler	8	static
../startup/startup_mkv56f24.c:798:11:UART2_RX_TX_IRQHandler	8	static
../startup/startup_mkv56f24.c:802:11:UART2_ERR_IRQHandler	8	static
../startup/startup_mkv56f24.c:806:11:ADC0_IRQHandler	8	static
../startup/startup_mkv56f24.c:810:11:HSADC_ERR_IRQHandler	8	static
../startup/startup_mkv56f24.c:814:11:HSADC0_CCA_IRQHandler	8	static
../startup/startup_mkv56f24.c:818:11:CMP0_IRQHandler	8	static
../startup/startup_mkv56f24.c:822:11:CMP1_IRQHandler	8	static
../startup/startup_mkv56f24.c:826:11:FTM0_IRQHandler	8	static
../startup/startup_mkv56f24.c:830:11:FTM1_IRQHandler	8	static
../startup/startup_mkv56f24.c:834:11:UART3_RX_TX_IRQHandler	8	static
../startup/startup_mkv56f24.c:838:11:UART3_ERR_IRQHandler	8	static
../startup/startup_mkv56f24.c:842:11:UART4_RX_TX_IRQHandler	8	static
../startup/startup_mkv56f24.c:846:11:UART4_ERR_IRQHandler	8	static
../startup/startup_mkv56f24.c:850:11:PIT0_IRQHandler	8	static
../startup/startup_mkv56f24.c:854:11:PIT1_IRQHandler	8	static
../startup/startup_mkv56f24.c:858:11:PIT2_IRQHandler	8	static
../startup/startup_mkv56f24.c:862:11:PIT3_IRQHandler	8	static
../startup/startup_mkv56f24.c:866:11:PDB0_IRQHandler	8	static
../startup/startup_mkv56f24.c:870:11:FTM2_IRQHandler	8	static
../startup/startup_mkv56f24.c:874:11:XBARA_IRQHandler	8	static
../startup/startup_mkv56f24.c:878:11:PDB1_IRQHandler	8	static
../startup/startup_mkv56f24.c:882:11:DAC0_IRQHandler	8	static
../startup/startup_mkv56f24.c:886:11:MCG_IRQHandler	8	static
../startup/startup_mkv56f24.c:890:11:LPTMR0_IRQHandler	8	static
../startup/startup_mkv56f24.c:894:11:PORTA_IRQHandler	8	static
../startup/startup_mkv56f24.c:898:11:PORTB_IRQHandler	8	static
../startup/startup_mkv56f24.c:902:11:PORTC_IRQHandler	8	static
../startup/startup_mkv56f24.c:906:11:PORTD_IRQHandler	8	static
../startup/startup_mkv56f24.c:910:11:PORTE_IRQHandler	8	static
../startup/startup_mkv56f24.c:914:11:SWI_IRQHandler	8	static
../startup/startup_mkv56f24.c:918:11:SPI2_IRQHandler	8	static
../startup/startup_mkv56f24.c:922:11:ENC_COMPARE_IRQHandler	8	static
../startup/startup_mkv56f24.c:926:11:ENC_HOME_IRQHandler	8	static
../startup/startup_mkv56f24.c:930:11:ENC_WDOG_SAB_IRQHandler	8	static
../startup/startup_mkv56f24.c:934:11:ENC_INDEX_IRQHandler	8	static
../startup/startup_mkv56f24.c:938:11:CMP2_IRQHandler	8	static
../startup/startup_mkv56f24.c:942:11:FTM3_IRQHandler	8	static
../startup/startup_mkv56f24.c:946:11:Reserved88_IRQHandler	8	static
../startup/startup_mkv56f24.c:950:11:HSADC0_CCB_IRQHandler	8	static
../startup/startup_mkv56f24.c:954:11:HSADC1_CCA_IRQHandler	8	static
../startup/startup_mkv56f24.c:958:11:CAN0_ORed_Message_buffer_IRQHandler	8	static
../startup/startup_mkv56f24.c:962:11:CAN0_Bus_Off_IRQHandler	8	static
../startup/startup_mkv56f24.c:966:11:CAN0_Error_IRQHandler	8	static
../startup/startup_mkv56f24.c:970:11:CAN0_Tx_Warning_IRQHandler	8	static
../startup/startup_mkv56f24.c:974:11:CAN0_Rx_Warning_IRQHandler	8	static
../startup/startup_mkv56f24.c:978:11:CAN0_Wake_Up_IRQHandler	8	static
../startup/startup_mkv56f24.c:982:11:PWM0_CMP0_IRQHandler	8	static
../startup/startup_mkv56f24.c:986:11:PWM0_RELOAD0_IRQHandler	8	static
../startup/startup_mkv56f24.c:990:11:PWM0_CMP1_IRQHandler	8	static
../startup/startup_mkv56f24.c:994:11:PWM0_RELOAD1_IRQHandler	8	static
../startup/startup_mkv56f24.c:998:11:PWM0_CMP2_IRQHandler	8	static
../startup/startup_mkv56f24.c:1002:11:PWM0_RELOAD2_IRQHandler	8	static
../startup/startup_mkv56f24.c:1006:11:PWM0_CMP3_IRQHandler	8	static
../startup/startup_mkv56f24.c:1010:11:PWM0_RELOAD3_IRQHandler	8	static
../startup/startup_mkv56f24.c:1014:11:PWM0_CAP_IRQHandler	8	static
../startup/startup_mkv56f24.c:1018:11:PWM0_RERR_IRQHandler	8	static
../startup/startup_mkv56f24.c:1022:11:PWM0_FAULT_IRQHandler	8	static
../startup/startup_mkv56f24.c:1026:11:CMP3_IRQHandler	8	static
../startup/startup_mkv56f24.c:1030:11:HSADC1_CCB_IRQHandler	8	static
../startup/startup_mkv56f24.c:1034:11:CAN1_ORed_Message_buffer_IRQHandler	8	static
../startup/startup_mkv56f24.c:1038:11:CAN1_Bus_Off_IRQHandler	8	static
../startup/startup_mkv56f24.c:1042:11:CAN1_Error_IRQHandler	8	static
../startup/startup_mkv56f24.c:1046:11:CAN1_Tx_Warning_IRQHandler	8	static
../startup/startup_mkv56f24.c:1050:11:CAN1_Rx_Warning_IRQHandler	8	static
../startup/startup_mkv56f24.c:1054:11:CAN1_Wake_Up_IRQHandler	8	static
../startup/startup_mkv56f24.c:1058:11:Reserved116_IRQHandler	8	static
../startup/startup_mkv56f24.c:1062:11:Reserved117_IRQHandler	8	static
../startup/startup_mkv56f24.c:1066:11:Reserved118_IRQHandler	8	static
../startup/startup_mkv56f24.c:1070:11:Reserved119_IRQHandler	8	static
../startup/startup_mkv56f24.c:1074:11:PWM1_CMP0_IRQHandler	8	static
../startup/startup_mkv56f24.c:1078:11:PWM1_RELOAD0_IRQHandler	8	static
../startup/startup_mkv56f24.c:1082:11:PWM1_CMP1_IRQHandler	8	static
../startup/startup_mkv56f24.c:1086:11:PWM1_RELOAD1_IRQHandler	8	static
../startup/startup_mkv56f24.c:1090:11:PWM1_CMP2_IRQHandler	8	static
../startup/startup_mkv56f24.c:1094:11:PWM1_RELOAD2_IRQHandler	8	static
../startup/startup_mkv56f24.c:1098:11:PWM1_CMP3_IRQHandler	8	static
../startup/startup_mkv56f24.c:1102:11:PWM1_RELOAD3_IRQHandler	8	static
../startup/startup_mkv56f24.c:1106:11:PWM1_CAP_IRQHandler	8	static
../startup/startup_mkv56f24.c:1110:11:PWM1_RERR_IRQHandler	8	static
../startup/startup_mkv56f24.c:1114:11:PWM1_FAULT_IRQHandler	8	static
